<html>
<body>
<pre>
<h1>µVision Build Log</h1>
<h2>Tool Versions:</h2>
IDE-Version: ¦ÌVision V5.26.2.0
Copyright (C) 2018 ARM Ltd and ARM Germany GmbH. All rights reserved.
License Information: j j, j, LIC=NQQMM-XBASH-X7CRZ-JW748-Z6PJP-ILQZI
 
Tool Versions:
Toolchain:       MDK-ARM Plus  Version: 5.26.2.0
Toolchain Path:  C:\Keil_v5\ARM\ARMCC\Bin
C Compiler:      Armcc.exe V5.06 update 6 (build 750)
Assembler:       Armasm.exe V5.06 update 6 (build 750)
Linker/Locator:  ArmLink.exe V5.06 update 6 (build 750)
Library Manager: ArmAr.exe V5.06 update 6 (build 750)
Hex Converter:   FromElf.exe V5.06 update 6 (build 750)
CPU DLL:         SARMCM3.DLL V5.26.2.0
Dialog DLL:      DARMCM1.DLL V1.19.1.0
Target DLL:      Nu_Link.dll V2.05
Dialog DLL:      TARMCM1.DLL V1.14.0.0
 
<h2>Project:</h2>
C:\Users\jcliu\Desktop\M487 ISP BRIDGE 20190102\TARGET_CHIP\NUC230_240 Series\SampleCode\StdDriver\ISP_CAN\KEIL\ISP_UART.uvproj
Project File Date:  12/29/2018

<h2>Output:</h2>
*** Using Compiler 'V5.06 update 6 (build 750)', folder: 'C:\Keil_v5\ARM\ARMCC\Bin'
Rebuild target 'ISP_UART'
creating preprocessor file for system_NUC230_240.c...
assembling startup_NUC230_240.s...
creating preprocessor file for main.c...
creating preprocessor file for FMC_USER.c...
compiling system_NUC230_240.c...
compiling main.c...
..\main.c(112): warning:  #111-D: statement is unreachable
      outpw(&SYS->RSTSRC, 3);//clear bit
..\main.c: 1 warning, 0 errors
creating preprocessor file for ISP_USER.c...
compiling FMC_USER.c...
creating preprocessor file for can_transfer.c...
creating preprocessor file for clk.c...
compiling ISP_USER.c...
..\ISP_USER.c(163): warning:  #550-D: variable "security"  was set but never used
      uint32_t lcmd, srclen, i, regcnf0, security;
..\ISP_USER.c: 1 warning, 0 errors
compiling can_transfer.c...
creating preprocessor file for can.c...
compiling clk.c...
creating preprocessor file for gpio.c...
compiling can.c...
compiling gpio.c...
linking...
Program Size: Code=3376 RO-data=280 RW-data=88 ZI-data=1688  
After Build - User command #1: fromelf --bin ".\obj\NUC230_240_ISP_UART0_PB0_PB1.axf" --output ".\obj\NUC230_240_ISP_UART0_PB0_PB1.bin"
After Build - User command #2: fromelf --text -c ".\obj\NUC230_240_ISP_UART0_PB0_PB1.axf" --output ".\obj\NUC230_240_ISP_UART0_PB0_PB1.txt"
".\obj\NUC230_240_ISP_UART0_PB0_PB1.axf" - 0 Error(s), 2 Warning(s).
Build Time Elapsed:  00:00:08
</pre>
</body>
</html>
