Component: ARM Compiler 5.06 update 6 (build 750) Tool: armlink [4d35ed]

==============================================================================

Small function inlining results

Inlined total of 0 calls.

==============================================================================

Section Cross References

    system_m480.o(.text) refers to clk.o(.text) for CLK_GetPLLClockFreq
    system_m480.o(.text) refers to system_m480.o(.data) for PllClock
    startup_m480.o(RESET) refers to startup_m480.o(STACK) for __initial_sp
    startup_m480.o(RESET) refers to startup_m480.o(.text) for Reset_Handler
    startup_m480.o(RESET) refers to retarget.o(.emb_text) for HardFault_Handler
    startup_m480.o(RESET) refers to main_offline.o(.text) for TMR1_IRQHandler
    startup_m480.o(.text) refers to system_m480.o(.text) for SystemInit
    startup_m480.o(.text) refers to entry.o(.ARM.Collect$$$$00000000) for __main
    isp_uart_bus.o(.text) refers to timer.o(.text) for TIMER_Open
    isp_uart_bus.o(.text) refers to clk.o(.text) for CLK_EnableModuleClock
    isp_uart_bus.o(.text) refers to uart.o(.text) for UART_Open
    isp_driver.o(.text) refers to isp_driver.o(.data) for DevTab
    isp_driver.o(.constdata) refers to isp_uart_bus.o(.text) for ISP_UART_WRITE
    isp_driver.o(.constdata) refers to isp_can_bus.o(.text) for CAN_WRITE
    isp_driver.o(.constdata) refers to isp_spi_bus.o(.text) for SPI_WRITE
    isp_driver.o(.constdata) refers to isp_i2c_bus.o(.text) for I2C_WRITE
    isp_driver.o(.constdata) refers to isp_rs485_bus.o(.text) for RS485_WRITE
    isp_driver.o(.data) refers to isp_driver.o(.conststring) for .conststring
    isp_driver.o(.data) refers to isp_driver.o(.constdata) for UART_Driver
    isp_driver.o(.data) refers to isp_uart_bus.o(.text) for UART_Config
    isp_driver.o(.data) refers to isp_can_bus.o(.text) for CAN_Config
    isp_driver.o(.data) refers to isp_spi_bus.o(.text) for SPI_Config
    isp_driver.o(.data) refers to isp_i2c_bus.o(.text) for I2C_Config
    isp_driver.o(.data) refers to isp_rs485_bus.o(.text) for RS485_Config
    spi_flash_spim.o(.text) refers to clk.o(.text) for CLK_EnableModuleClock
    spi_flash_spim.o(.text) refers to printfa.o(i.__0printf) for __2printf
    spi_flash_spim.o(.text) refers to spim.o(.text) for SPIM_InitFlash
    isp_can_bus.o(.text) refers to can.o(.text) for CAN_Transmit
    isp_can_bus.o(.text) refers to clk.o(.text) for CLK_EnableModuleClock
    isp_can_bus.o(.text) refers to gpio.o(.text) for GPIO_SetMode
    isp_can_bus.o(.text) refers to system_m480.o(.data) for CyclesPerUs
    isp_spi_bus.o(.text) refers to spi.o(.text) for SPI_ClearRxFIFO
    isp_spi_bus.o(.text) refers to clk.o(.text) for CLK_SetModuleClock
    isp_spi_bus.o(.text) refers to system_m480.o(.data) for CyclesPerUs
    isp_i2c_bus.o(.text) refers to i2c.o(.text) for I2C_SetData
    isp_i2c_bus.o(.text) refers to clk.o(.text) for CLK_EnableModuleClock
    isp_rs485_bus.o(.text) refers to timer.o(.text) for TIMER_Open
    isp_rs485_bus.o(.text) refers to clk.o(.text) for CLK_EnableModuleClock
    isp_rs485_bus.o(.text) refers to uart.o(.text) for UART_Open
    isp_rs485_bus.o(.text) refers to gpio.o(.text) for GPIO_SetMode
    isp_cmd.o(.text) refers to isp_driver.o(.text) for io_write
    isp_cmd.o(.text) refers to printfa.o(i.__0printf) for __2printf
    isp_cmd.o(.text) refers to memseta.o(.text) for __aeabi_memclr4
    isp_cmd.o(.text) refers to system_m480.o(.data) for CyclesPerUs
    isp_cmd.o(.text) refers to isp_cmd.o(.bss) for sendbuf
    isp_cmd.o(.text) refers to isp_cmd.o(.data) for gcksum
    isp_cmd.o(.text) refers to main_offline.o(.data) for DEV_handle
    main_offline.o(.text) refers to clk.o(.text) for CLK_EnableXtalRC
    main_offline.o(.text) refers to printfa.o(i.__0printf) for __2printf
    main_offline.o(.text) refers to timer.o(.text) for TIMER_Open
    main_offline.o(.text) refers to gpio.o(.text) for GPIO_SetMode
    main_offline.o(.text) refers to isp_driver.o(.text) for io_open
    main_offline.o(.text) refers to spi_flash_spim.o(.text) for initial_spi
    main_offline.o(.text) refers to isp_cmd.o(.text) for init_ISP_command
    main_offline.o(.text) refers to f2d.o(.text) for __aeabi_f2d
    main_offline.o(.text) refers to main_offline.o(.data) for g_au32TMRINTCount
    main_offline.o(.text) refers to isp_cmd.o(.bss) for ISP_COMMAND
    clk.o(.text) refers to system_m480.o(.text) for SystemCoreClockUpdate
    clk.o(.text) refers to system_m480.o(.data) for SystemCoreClock
    clk.o(.text) refers to clk.o(.constdata) for .constdata
    uart.o(.text) refers to clk.o(.text) for CLK_GetPLLClockFreq
    uart.o(.text) refers to uart.o(.constdata) for .constdata
    timer.o(.text) refers to memcpya.o(.text) for __aeabi_memcpy4
    timer.o(.text) refers to clk.o(.text) for CLK_GetPCLK0Freq
    timer.o(.text) refers to timer.o(.constdata) for .constdata
    timer.o(.text) refers to system_m480.o(.data) for SystemCoreClock
[...]
    printf1.o(i.__0vsnprintf$1) refers to printf1.o(i._snputc) for _snputc
    printf1.o(i.__0vsprintf$1) refers to printf1.o(i._printf_core) for _printf_core
    printf1.o(i.__0vsprintf$1) refers to printf1.o(i._sputc) for _sputc
    printf1.o(i._printf_core) refers to uidiv.o(.text) for __aeabi_uidivmod
    printf2.o(i.__0fprintf$2) refers to printf2.o(i._printf_core) for _printf_core
    printf2.o(i.__0fprintf$2) refers to retarget.o(.text) for fputc
    printf2.o(i.__0printf$2) refers to printf2.o(i._printf_core) for _printf_core
    printf2.o(i.__0printf$2) refers to retarget.o(.text) for fputc
    printf2.o(i.__0printf$2) refers to retarget.o(.data) for __stdout
    printf2.o(i.__0snprintf$2) refers to printf2.o(i._printf_core) for _printf_core
    printf2.o(i.__0snprintf$2) refers to printf2.o(i._snputc) for _snputc
    printf2.o(i.__0sprintf$2) refers to printf2.o(i._printf_core) for _printf_core
    printf2.o(i.__0sprintf$2) refers to printf2.o(i._sputc) for _sputc
    printf2.o(i.__0vfprintf$2) refers to printf2.o(i._printf_core) for _printf_core
    printf2.o(i.__0vfprintf$2) refers to retarget.o(.text) for fputc
    printf2.o(i.__0vprintf$2) refers to printf2.o(i._printf_core) for _printf_core
    printf2.o(i.__0vprintf$2) refers to retarget.o(.text) for fputc
    printf2.o(i.__0vprintf$2) refers to retarget.o(.data) for __stdout
    printf2.o(i.__0vsnprintf$2) refers to printf2.o(i._printf_core) for _printf_core
    printf2.o(i.__0vsnprintf$2) refers to printf2.o(i._snputc) for _snputc
    printf2.o(i.__0vsprintf$2) refers to printf2.o(i._printf_core) for _printf_core
    printf2.o(i.__0vsprintf$2) refers to printf2.o(i._sputc) for _sputc
    printf3.o(i.__0fprintf$3) refers to printf3.o(i._printf_core) for _printf_core
    printf3.o(i.__0fprintf$3) refers to retarget.o(.text) for fputc
    printf3.o(i.__0printf$3) refers to printf3.o(i._printf_core) for _printf_core
    printf3.o(i.__0printf$3) refers to retarget.o(.text) for fputc
    printf3.o(i.__0printf$3) refers to retarget.o(.data) for __stdout
    printf3.o(i.__0snprintf$3) refers to printf3.o(i._printf_core) for _printf_core
    printf3.o(i.__0snprintf$3) refers to printf3.o(i._snputc) for _snputc
    printf3.o(i.__0sprintf$3) refers to printf3.o(i._printf_core) for _printf_core
    printf3.o(i.__0sprintf$3) refers to printf3.o(i._sputc) for _sputc
    printf3.o(i.__0vfprintf$3) refers to printf3.o(i._printf_core) for _printf_core
    printf3.o(i.__0vfprintf$3) refers to retarget.o(.text) for fputc
    printf3.o(i.__0vprintf$3) refers to printf3.o(i._printf_core) for _printf_core
    printf3.o(i.__0vprintf$3) refers to retarget.o(.text) for fputc
    printf3.o(i.__0vprintf$3) refers to retarget.o(.data) for __stdout
    printf3.o(i.__0vsnprintf$3) refers to printf3.o(i._printf_core) for _printf_core
    printf3.o(i.__0vsnprintf$3) refers to printf3.o(i._snputc) for _snputc
    printf3.o(i.__0vsprintf$3) refers to printf3.o(i._printf_core) for _printf_core
    printf3.o(i.__0vsprintf$3) refers to printf3.o(i._sputc) for _sputc
    printf3.o(i._printf_core) refers to uidiv.o(.text) for __aeabi_uidivmod
    printf4.o(i.__0fprintf$4) refers to printf4.o(i._printf_core) for _printf_core
    printf4.o(i.__0fprintf$4) refers to retarget.o(.text) for fputc
    printf4.o(i.__0printf$4) refers to printf4.o(i._printf_core) for _printf_core
    printf4.o(i.__0printf$4) refers to retarget.o(.text) for fputc
    printf4.o(i.__0printf$4) refers to retarget.o(.data) for __stdout
    printf4.o(i.__0snprintf$4) refers to printf4.o(i._printf_core) for _printf_core
    printf4.o(i.__0snprintf$4) refers to printf4.o(i._snputc) for _snputc
    printf4.o(i.__0sprintf$4) refers to printf4.o(i._printf_core) for _printf_core
    printf4.o(i.__0sprintf$4) refers to printf4.o(i._sputc) for _sputc
    printf4.o(i.__0vfprintf$4) refers to printf4.o(i._printf_core) for _printf_core
    printf4.o(i.__0vfprintf$4) refers to retarget.o(.text) for fputc
    printf4.o(i.__0vprintf$4) refers to printf4.o(i._printf_core) for _printf_core
    printf4.o(i.__0vprintf$4) refers to retarget.o(.text) for fputc
    printf4.o(i.__0vprintf$4) refers to retarget.o(.data) for __stdout
    printf4.o(i.__0vsnprintf$4) refers to printf4.o(i._printf_core) for _printf_core
    printf4.o(i.__0vsnprintf$4) refers to printf4.o(i._snputc) for _snputc
    printf4.o(i.__0vsprintf$4) refers to printf4.o(i._printf_core) for _printf_core
    printf4.o(i.__0vsprintf$4) refers to printf4.o(i._sputc) for _sputc
    printf4.o(i._printf_core) refers to uldiv.o(.text) for __aeabi_uldivmod
    printf5.o(i.__0fprintf$5) refers to printf5.o(i._printf_core) for _printf_core
    printf5.o(i.__0fprintf$5) refers to retarget.o(.text) for fputc
    printf5.o(i.__0printf$5) refers to printf5.o(i._printf_core) for _printf_core
    printf5.o(i.__0printf$5) refers to retarget.o(.text) for fputc
    printf5.o(i.__0printf$5) refers to retarget.o(.data) for __stdout
    printf5.o(i.__0snprintf$5) refers to printf5.o(i._printf_core) for _printf_core
    printf5.o(i.__0snprintf$5) refers to printf5.o(i._snputc) for _snputc
    printf5.o(i.__0sprintf$5) refers to printf5.o(i._printf_core) for _printf_core
    printf5.o(i.__0sprintf$5) refers to printf5.o(i._sputc) for _sputc
    printf5.o(i.__0vfprintf$5) refers to printf5.o(i._printf_core) for _printf_core
    printf5.o(i.__0vfprintf$5) refers to retarget.o(.text) for fputc
    printf5.o(i.__0vprintf$5) refers to printf5.o(i._printf_core) for _printf_core
    printf5.o(i.__0vprintf$5) refers to retarget.o(.text) for fputc
    printf5.o(i.__0vprintf$5) refers to retarget.o(.data) for __stdout
    printf5.o(i.__0vsnprintf$5) refers to printf5.o(i._printf_core) for _printf_core
    printf5.o(i.__0vsnprintf$5) refers to printf5.o(i._snputc) for _snputc
    printf5.o(i.__0vsprintf$5) refers to printf5.o(i._printf_core) for _printf_core
    printf5.o(i.__0vsprintf$5) refers to printf5.o(i._sputc) for _sputc
    printf5.o(i._printf_core) refers to uldiv.o(.text) for __aeabi_uldivmod
    printf6.o(i.__0fprintf$6) refers to printf6.o(i._printf_core) for _printf_core
    printf6.o(i.__0fprintf$6) refers to retarget.o(.text) for fputc
    printf6.o(i.__0printf$6) refers to printf6.o(i._printf_core) for _printf_core
    printf6.o(i.__0printf$6) refers to retarget.o(.text) for fputc
    printf6.o(i.__0printf$6) refers to retarget.o(.data) for __stdout
    printf6.o(i.__0snprintf$6) refers to printf6.o(i._printf_core) for _printf_core
    printf6.o(i.__0snprintf$6) refers to printf6.o(i._snputc) for _snputc
    printf6.o(i.__0sprintf$6) refers to printf6.o(i._printf_core) for _printf_core
    printf6.o(i.__0sprintf$6) refers to printf6.o(i._sputc) for _sputc
    printf6.o(i.__0vfprintf$6) refers to printf6.o(i._printf_core) for _printf_core
    printf6.o(i.__0vfprintf$6) refers to retarget.o(.text) for fputc
    printf6.o(i.__0vprintf$6) refers to printf6.o(i._printf_core) for _printf_core
    printf6.o(i.__0vprintf$6) refers to retarget.o(.text) for fputc
    printf6.o(i.__0vprintf$6) refers to retarget.o(.data) for __stdout
    printf6.o(i.__0vsnprintf$6) refers to printf6.o(i._printf_core) for _printf_core
    printf6.o(i.__0vsnprintf$6) refers to printf6.o(i._snputc) for _snputc
    printf6.o(i.__0vsprintf$6) refers to printf6.o(i._printf_core) for _printf_core
    printf6.o(i.__0vsprintf$6) refers to printf6.o(i._sputc) for _sputc
    printf6.o(i._printf_core) refers to printf6.o(i._printf_pre_padding) for _printf_pre_padding
    printf6.o(i._printf_core) refers to uidiv.o(.text) for __aeabi_uidivmod
    printf6.o(i._printf_core) refers to printf6.o(i._printf_post_padding) for _printf_post_padding
    printf7.o(i.__0fprintf$7) refers to printf7.o(i._printf_core) for _printf_core
    printf7.o(i.__0fprintf$7) refers to retarget.o(.text) for fputc
    printf7.o(i.__0printf$7) refers to printf7.o(i._printf_core) for _printf_core
    printf7.o(i.__0printf$7) refers to retarget.o(.text) for fputc
    printf7.o(i.__0printf$7) refers to retarget.o(.data) for __stdout
    printf7.o(i.__0snprintf$7) refers to printf7.o(i._printf_core) for _printf_core
    printf7.o(i.__0snprintf$7) refers to printf7.o(i._snputc) for _snputc
    printf7.o(i.__0sprintf$7) refers to printf7.o(i._printf_core) for _printf_core
    printf7.o(i.__0sprintf$7) refers to printf7.o(i._sputc) for _sputc
    printf7.o(i.__0vfprintf$7) refers to printf7.o(i._printf_core) for _printf_core
    printf7.o(i.__0vfprintf$7) refers to retarget.o(.text) for fputc
    printf7.o(i.__0vprintf$7) refers to printf7.o(i._printf_core) for _printf_core
    printf7.o(i.__0vprintf$7) refers to retarget.o(.text) for fputc
    printf7.o(i.__0vprintf$7) refers to retarget.o(.data) for __stdout
    printf7.o(i.__0vsnprintf$7) refers to printf7.o(i._printf_core) for _printf_core
    printf7.o(i.__0vsnprintf$7) refers to printf7.o(i._snputc) for _snputc
    printf7.o(i.__0vsprintf$7) refers to printf7.o(i._printf_core) for _printf_core
    printf7.o(i.__0vsprintf$7) refers to printf7.o(i._sputc) for _sputc
    printf7.o(i._printf_core) refers to printf7.o(i._printf_pre_padding) for _printf_pre_padding
    printf7.o(i._printf_core) refers to uldiv.o(.text) for __aeabi_uldivmod
    printf7.o(i._printf_core) refers to printf7.o(i._printf_post_padding) for _printf_post_padding
    printf8.o(i.__0fprintf$8) refers to printf8.o(i._printf_core) for _printf_core
    printf8.o(i.__0fprintf$8) refers to retarget.o(.text) for fputc
    printf8.o(i.__0printf$8) refers to printf8.o(i._printf_core) for _printf_core
    printf8.o(i.__0printf$8) refers to retarget.o(.text) for fputc
    printf8.o(i.__0printf$8) refers to retarget.o(.data) for __stdout
    printf8.o(i.__0snprintf$8) refers to printf8.o(i._printf_core) for _printf_core
    printf8.o(i.__0snprintf$8) refers to printf8.o(i._snputc) for _snputc
    printf8.o(i.__0sprintf$8) refers to printf8.o(i._printf_core) for _printf_core
    printf8.o(i.__0sprintf$8) refers to printf8.o(i._sputc) for _sputc
    printf8.o(i.__0vfprintf$8) refers to printf8.o(i._printf_core) for _printf_core
    printf8.o(i.__0vfprintf$8) refers to retarget.o(.text) for fputc
    printf8.o(i.__0vprintf$8) refers to printf8.o(i._printf_core) for _printf_core
    printf8.o(i.__0vprintf$8) refers to retarget.o(.text) for fputc
    printf8.o(i.__0vprintf$8) refers to retarget.o(.data) for __stdout
    printf8.o(i.__0vsnprintf$8) refers to printf8.o(i._printf_core) for _printf_core
    printf8.o(i.__0vsnprintf$8) refers to printf8.o(i._snputc) for _snputc
    printf8.o(i.__0vsprintf$8) refers to printf8.o(i._printf_core) for _printf_core
    printf8.o(i.__0vsprintf$8) refers to printf8.o(i._sputc) for _sputc
    printf8.o(i._printf_core) refers to printf8.o(i._printf_pre_padding) for _printf_pre_padding
    printf8.o(i._printf_core) refers to uldiv.o(.text) for __aeabi_uldivmod
    printf8.o(i._printf_core) refers to printf8.o(i._printf_post_padding) for _printf_post_padding
    printfa.o(i.__0fprintf) refers (Special) to iusefp.o(.text) for __I$use$fp
    printfa.o(i.__0fprintf) refers to printfa.o(i._printf_core) for _printf_core
    printfa.o(i.__0fprintf) refers to retarget.o(.text) for fputc
    printfa.o(i.__0printf) refers (Special) to iusefp.o(.text) for __I$use$fp
    printfa.o(i.__0printf) refers to printfa.o(i._printf_core) for _printf_core
    printfa.o(i.__0printf) refers to retarget.o(.text) for fputc
    printfa.o(i.__0printf) refers to retarget.o(.data) for __stdout
    printfa.o(i.__0snprintf) refers (Special) to iusefp.o(.text) for __I$use$fp
    printfa.o(i.__0snprintf) refers to printfa.o(i._printf_core) for _printf_core
    printfa.o(i.__0snprintf) refers to printfa.o(i._snputc) for _snputc
    printfa.o(i.__0sprintf) refers (Special) to iusefp.o(.text) for __I$use$fp
    printfa.o(i.__0sprintf) refers to printfa.o(i._printf_core) for _printf_core
    printfa.o(i.__0sprintf) refers to printfa.o(i._sputc) for _sputc
    printfa.o(i.__0vfprintf) refers (Special) to iusefp.o(.text) for __I$use$fp
    printfa.o(i.__0vfprintf) refers to printfa.o(i._printf_core) for _printf_core
    printfa.o(i.__0vfprintf) refers to retarget.o(.text) for fputc
    printfa.o(i.__0vprintf) refers (Special) to iusefp.o(.text) for __I$use$fp
    printfa.o(i.__0vprintf) refers to printfa.o(i._printf_core) for _printf_core
    printfa.o(i.__0vprintf) refers to retarget.o(.text) for fputc
    printfa.o(i.__0vprintf) refers to retarget.o(.data) for __stdout
    printfa.o(i.__0vsnprintf) refers (Special) to iusefp.o(.text) for __I$use$fp
    printfa.o(i.__0vsnprintf) refers to printfa.o(i._printf_core) for _printf_core
    printfa.o(i.__0vsnprintf) refers to printfa.o(i._snputc) for _snputc
    printfa.o(i.__0vsprintf) refers (Special) to iusefp.o(.text) for __I$use$fp
    printfa.o(i.__0vsprintf) refers to printfa.o(i._printf_core) for _printf_core
    printfa.o(i.__0vsprintf) refers to printfa.o(i._sputc) for _sputc
    printfa.o(i._fp_digits) refers (Special) to iusefp.o(.text) for __I$use$fp
    printfa.o(i._fp_digits) refers to dmul.o(.text) for __aeabi_dmul
    printfa.o(i._fp_digits) refers to ddiv.o(.text) for __aeabi_ddiv
    printfa.o(i._fp_digits) refers to cdrcmple.o(.text) for __aeabi_cdrcmple
    printfa.o(i._fp_digits) refers to dadd.o(.text) for __aeabi_dadd
    printfa.o(i._fp_digits) refers to dfixul.o(.text) for __aeabi_d2ulz
    printfa.o(i._fp_digits) refers to uldiv.o(.text) for __aeabi_uldivmod
    printfa.o(i._printf_core) refers (Special) to iusefp.o(.text) for __I$use$fp
    printfa.o(i._printf_core) refers to printfa.o(i._printf_pre_padding) for _printf_pre_padding
    printfa.o(i._printf_core) refers to uldiv.o(.text) for __aeabi_uldivmod
    printfa.o(i._printf_core) refers to printfa.o(i._printf_post_padding) for _printf_post_padding
    printfa.o(i._printf_core) refers to printfa.o(i._fp_digits) for _fp_digits
    printfa.o(i._printf_core) refers to uidiv.o(.text) for __aeabi_uidivmod
    printfa.o(i._printf_post_padding) refers (Special) to iusefp.o(.text) for __I$use$fp
    printfa.o(i._printf_pre_padding) refers (Special) to iusefp.o(.text) for __I$use$fp
    printfa.o(i._snputc) refers (Special) to iusefp.o(.text) for __I$use$fp
    printfa.o(i._sputc) refers (Special) to iusefp.o(.text) for __I$use$fp
    f2d.o(.text) refers (Special) to iusefp.o(.text) for __I$use$fp
    retarget.o(.emb_text) refers to retarget.o(.text) for Hard_Fault_Handler
    retarget.o(.text) refers to printfa.o(i.__0printf) for __2printf
    retarget.o(.text) refers to retarget.o(.emb_text) for SH_DoCommand
    retarget.o(.text) refers to retarget.o(.bss) for .bss
    retarget.o(.text) refers to retarget.o(.data) for .data
    entry2.o(.ARM.Collect$$$$00000001) refers to entry2.o(.ARM.Collect$$$$00002712) for __lit__00000000
    entry2.o(.ARM.Collect$$$$00002712) refers to startup_m480.o(STACK) for __initial_sp
    entry2.o(__vectab_stack_and_reset_area) refers to startup_m480.o(STACK) for __initial_sp
    entry2.o(__vectab_stack_and_reset_area) refers to entry.o(.ARM.Collect$$$$00000000) for __main
    entry5.o(.ARM.Collect$$$$00000004) refers to init.o(.text) for __scatterload
    entry9a.o(.ARM.Collect$$$$0000000B) refers to main_offline.o(.text) for main
    entry9b.o(.ARM.Collect$$$$0000000C) refers to main_offline.o(.text) for main
    dadd.o(.text) refers to llshl.o(.text) for __aeabi_llsl
    dadd.o(.text) refers to llsshr.o(.text) for __aeabi_lasr
    dadd.o(.text) refers to depilogue.o(.text) for _double_epilogue
    dmul.o(.text) refers to depilogue.o(.text) for _double_epilogue
    ddiv.o(.text) refers to depilogue.o(.text) for _double_round
    dfixul.o(.text) refers to llushr.o(.text) for __aeabi_llsr
    dfixul.o(.text) refers to llshl.o(.text) for __aeabi_llsl
    init.o(.text) refers to entry5.o(.ARM.Collect$$$$00000004) for __main_after_scatterload
    depilogue.o(.text) refers to llshl.o(.text) for __aeabi_llsl
    depilogue.o(.text) refers to llushr.o(.text) for __aeabi_llsr


==============================================================================

Removing Unused input sections from the image.

    Removing system_m480.o(.rev16_text), (4 bytes).
    Removing system_m480.o(.revsh_text), (4 bytes).
    Removing system_m480.o(.rrx_text), (6 bytes).
    Removing startup_m480.o(HEAP), (256 bytes).
    Removing isp_uart_bus.o(.rev16_text), (4 bytes).
    Removing isp_uart_bus.o(.revsh_text), (4 bytes).
    Removing isp_uart_bus.o(.rrx_text), (6 bytes).
    Removing spi_flash_spim.o(.rev16_text), (4 bytes).
    Removing spi_flash_spim.o(.revsh_text), (4 bytes).
    Removing spi_flash_spim.o(.rrx_text), (6 bytes).
    Removing spi_flash_spim.o(.bss), (512 bytes).
    Removing isp_can_bus.o(.rev16_text), (4 bytes).
    Removing isp_can_bus.o(.revsh_text), (4 bytes).
    Removing isp_can_bus.o(.rrx_text), (6 bytes).
    Removing isp_spi_bus.o(.rev16_text), (4 bytes).
    Removing isp_spi_bus.o(.revsh_text), (4 bytes).
    Removing isp_spi_bus.o(.rrx_text), (6 bytes).
    Removing isp_i2c_bus.o(.rev16_text), (4 bytes).
    Removing isp_i2c_bus.o(.revsh_text), (4 bytes).
    Removing isp_i2c_bus.o(.rrx_text), (6 bytes).
    Removing isp_rs485_bus.o(.rev16_text), (4 bytes).
    Removing isp_rs485_bus.o(.revsh_text), (4 bytes).
    Removing isp_rs485_bus.o(.rrx_text), (6 bytes).
    Removing isp_cmd.o(.rev16_text), (4 bytes).
    Removing isp_cmd.o(.revsh_text), (4 bytes).
    Removing isp_cmd.o(.rrx_text), (6 bytes).
    Removing main_offline.o(.rev16_text), (4 bytes).
    Removing main_offline.o(.revsh_text), (4 bytes).
    Removing main_offline.o(.rrx_text), (6 bytes).
    Removing clk.o(.rev16_text), (4 bytes).
    Removing clk.o(.revsh_text), (4 bytes).
    Removing clk.o(.rrx_text), (6 bytes).
    Removing uart.o(.rev16_text), (4 bytes).
    Removing uart.o(.revsh_text), (4 bytes).
    Removing uart.o(.rrx_text), (6 bytes).
    Removing timer.o(.rev16_text), (4 bytes).
    Removing timer.o(.revsh_text), (4 bytes).
    Removing timer.o(.rrx_text), (6 bytes).
    Removing gpio.o(.rev16_text), (4 bytes).
    Removing gpio.o(.revsh_text), (4 bytes).
    Removing gpio.o(.rrx_text), (6 bytes).
    Removing spim.o(.rev16_text), (4 bytes).
    Removing spim.o(.revsh_text), (4 bytes).
    Removing spim.o(.rrx_text), (6 bytes).
    Removing can.o(.rev16_text), (4 bytes).
    Removing can.o(.revsh_text), (4 bytes).
    Removing can.o(.rrx_text), (6 bytes).
    Removing i2c.o(.rev16_text), (4 bytes).
    Removing i2c.o(.revsh_text), (4 bytes).
    Removing i2c.o(.rrx_text), (6 bytes).
    Removing spi.o(.rev16_text), (4 bytes).
    Removing spi.o(.revsh_text), (4 bytes).
    Removing spi.o(.rrx_text), (6 bytes).
    Removing retarget.o(.rev16_text), (4 bytes).
    Removing retarget.o(.revsh_text), (4 bytes).
    Removing retarget.o(.rrx_text), (6 bytes).
    Removing retarget.o(.data), (4 bytes).

57 unused section(s) (total 1024 bytes) removed from the image.

==============================================================================

Image Symbol Table

    Local Symbols

    Symbol Name                              Value     Ov Type        Size  Object(Section)

    RESET                                    0x00000000   Section      440  startup_m480.o(RESET)
    ../clib/microlib/division.c              0x00000000   Number         0  uldiv.o ABSOLUTE
    ../clib/microlib/division.c              0x00000000   Number         0  uidiv.o ABSOLUTE
    ../clib/microlib/init/entry.s            0x00000000   Number         0  entry7b.o ABSOLUTE
    ../clib/microlib/init/entry.s            0x00000000   Number         0  entry11b.o ABSOLUTE
    ../clib/microlib/init/entry.s            0x00000000   Number         0  entry2.o ABSOLUTE
    ../clib/microlib/init/entry.s            0x00000000   Number         0  entry7a.o ABSOLUTE
    ../clib/microlib/init/entry.s            0x00000000   Number         0  entry11a.o ABSOLUTE
    ../clib/microlib/init/entry.s            0x00000000   Number         0  entry10b.o ABSOLUTE
    ../clib/microlib/init/entry.s            0x00000000   Number         0  entry10a.o ABSOLUTE
    ../clib/microlib/init/entry.s            0x00000000   Number         0  entry9b.o ABSOLUTE
    ../clib/microlib/init/entry.s            0x00000000   Number         0  entry9a.o ABSOLUTE
    ../clib/microlib/init/entry.s            0x00000000   Number         0  entry8b.o ABSOLUTE
    ../clib/microlib/init/entry.s            0x00000000   Number         0  entry8a.o ABSOLUTE
    ../clib/microlib/init/entry.s            0x00000000   Number         0  entry5.o ABSOLUTE
    ../clib/microlib/init/entry.s            0x00000000   Number         0  entry.o ABSOLUTE
    ../clib/microlib/longlong.c              0x00000000   Number         0  llsshr.o ABSOLUTE
    ../clib/microlib/longlong.c              0x00000000   Number         0  llushr.o ABSOLUTE
    ../clib/microlib/longlong.c              0x00000000   Number         0  llshl.o ABSOLUTE
    ../clib/microlib/printf/printf.c         0x00000000   Number         0  printf5.o ABSOLUTE
    ../clib/microlib/printf/printf.c         0x00000000   Number         0  printf7.o ABSOLUTE
    ../clib/microlib/printf/printf.c         0x00000000   Number         0  printf6.o ABSOLUTE
    ../clib/microlib/printf/printf.c         0x00000000   Number         0  printf3.o ABSOLUTE
    ../clib/microlib/printf/printf.c         0x00000000   Number         0  printf4.o ABSOLUTE
    ../clib/microlib/printf/printf.c         0x00000000   Number         0  printfa.o ABSOLUTE
    ../clib/microlib/printf/printf.c         0x00000000   Number         0  printfb.o ABSOLUTE
    ../clib/microlib/printf/printf.c         0x00000000   Number         0  printf0.o ABSOLUTE
    ../clib/microlib/printf/printf.c         0x00000000   Number         0  printf1.o ABSOLUTE
    ../clib/microlib/printf/printf.c         0x00000000   Number         0  printf2.o ABSOLUTE
    ../clib/microlib/printf/printf.c         0x00000000   Number         0  printf8.o ABSOLUTE
    ../clib/microlib/printf/stubs.s          0x00000000   Number         0  stubs.o ABSOLUTE
    ../clib/microlib/string/memcpy.c         0x00000000   Number         0  memcpya.o ABSOLUTE
    ../clib/microlib/string/memcpy.c         0x00000000   Number         0  memcpyb.o ABSOLUTE
    ../clib/microlib/string/memset.c         0x00000000   Number         0  memseta.o ABSOLUTE
    ../clib/microlib/stubs.s                 0x00000000   Number         0  iusefp.o ABSOLUTE
    ../fplib/microlib/f2d.c                  0x00000000   Number         0  f2d.o ABSOLUTE
    ../fplib/microlib/fpadd.c                0x00000000   Number         0  dadd.o ABSOLUTE
    ../fplib/microlib/fpdiv.c                0x00000000   Number         0  ddiv.o ABSOLUTE
    ../fplib/microlib/fpepilogue.c           0x00000000   Number         0  depilogue.o ABSOLUTE
    ../fplib/microlib/fpfix.c                0x00000000   Number         0  dfixul.o ABSOLUTE
    ../fplib/microlib/fpmul.c                0x00000000   Number         0  dmul.o ABSOLUTE
    ..\..\..\..\Library\Device\Nuvoton\M480\Source\ARM\startup_M480.s 0x00000000   Number         0  startup_m480.o ABSOLUTE
    ..\..\..\..\Library\Device\Nuvoton\M480\Source\system_M480.c 0x00000000   Number         0  system_m480.o ABSOLUTE
    ..\..\..\..\Library\StdDriver\src\can.c  0x00000000   Number         0  can.o ABSOLUTE
    ..\..\..\..\Library\StdDriver\src\clk.c  0x00000000   Number         0  clk.o ABSOLUTE
    ..\..\..\..\Library\StdDriver\src\gpio.c 0x00000000   Number         0  gpio.o ABSOLUTE
    ..\..\..\..\Library\StdDriver\src\i2c.c  0x00000000   Number         0  i2c.o ABSOLUTE
    ..\..\..\..\Library\StdDriver\src\retarget.c 0x00000000   Number         0  retarget.o ABSOLUTE
    ..\..\..\..\Library\StdDriver\src\spi.c  0x00000000   Number         0  spi.o ABSOLUTE
    ..\..\..\..\Library\StdDriver\src\spim.c 0x00000000   Number         0  spim.o ABSOLUTE
    ..\..\..\..\Library\StdDriver\src\timer.c 0x00000000   Number         0  timer.o ABSOLUTE
    ..\..\..\..\Library\StdDriver\src\uart.c 0x00000000   Number         0  uart.o ABSOLUTE
    ..\ISP_CAN_BUS.C                         0x00000000   Number         0  isp_can_bus.o ABSOLUTE
    ..\ISP_CMD.c                             0x00000000   Number         0  isp_cmd.o ABSOLUTE
    ..\ISP_DRIVER.C                          0x00000000   Number         0  isp_driver.o ABSOLUTE
    ..\ISP_I2C_BUS.C                         0x00000000   Number         0  isp_i2c_bus.o ABSOLUTE
    ..\ISP_RS485_BUS.c                       0x00000000   Number         0  isp_rs485_bus.o ABSOLUTE
    ..\ISP_SPI_BUS.c                         0x00000000   Number         0  isp_spi_bus.o ABSOLUTE
    ..\ISP_UART_BUS.c                        0x00000000   Number         0  isp_uart_bus.o ABSOLUTE
    ..\SPI_FLASH_SPIM.C                      0x00000000   Number         0  spi_flash_spim.o ABSOLUTE
    ..\\..\\..\\..\\Library\\Device\\Nuvoton\\M480\\Source\\system_M480.c 0x00000000   Number         0  system_m480.o ABSOLUTE
    ..\\..\\..\\..\\Library\\StdDriver\\src\\can.c 0x00000000   Number         0  can.o ABSOLUTE
    ..\\..\\..\\..\\Library\\StdDriver\\src\\clk.c 0x00000000   Number         0  clk.o ABSOLUTE
    ..\\..\\..\\..\\Library\\StdDriver\\src\\gpio.c 0x00000000   Number         0  gpio.o ABSOLUTE
    ..\\..\\..\\..\\Library\\StdDriver\\src\\i2c.c 0x00000000   Number         0  i2c.o ABSOLUTE
    ..\\..\\..\\..\\Library\\StdDriver\\src\\retarget.c 0x00000000   Number         0  retarget.o ABSOLUTE
    ..\\..\\..\\..\\Library\\StdDriver\\src\\spi.c 0x00000000   Number         0  spi.o ABSOLUTE
    ..\\..\\..\\..\\Library\\StdDriver\\src\\spim.c 0x00000000   Number         0  spim.o ABSOLUTE
    ..\\..\\..\\..\\Library\\StdDriver\\src\\timer.c 0x00000000   Number         0  timer.o ABSOLUTE
    ..\\..\\..\\..\\Library\\StdDriver\\src\\uart.c 0x00000000   Number         0  uart.o ABSOLUTE
    ..\\ISP_CAN_BUS.C                        0x00000000   Number         0  isp_can_bus.o ABSOLUTE
    ..\\ISP_CMD.c                            0x00000000   Number         0  isp_cmd.o ABSOLUTE
    ..\\ISP_I2C_BUS.C                        0x00000000   Number         0  isp_i2c_bus.o ABSOLUTE
    ..\\ISP_RS485_BUS.c                      0x00000000   Number         0  isp_rs485_bus.o ABSOLUTE
    ..\\ISP_SPI_BUS.c                        0x00000000   Number         0  isp_spi_bus.o ABSOLUTE
    ..\\ISP_UART_BUS.c                       0x00000000   Number         0  isp_uart_bus.o ABSOLUTE
    ..\\SPI_FLASH_SPIM.C                     0x00000000   Number         0  spi_flash_spim.o ABSOLUTE
    ..\\main_offline.c                       0x00000000   Number         0  main_offline.o ABSOLUTE
    ..\main_offline.c                        0x00000000   Number         0  main_offline.o ABSOLUTE
    cdrcmple.s                               0x00000000   Number         0  cdrcmple.o ABSOLUTE
    handlers.s                               0x00000000   Number         0  handlers.o ABSOLUTE
    init.s                                   0x00000000   Number         0  init.o ABSOLUTE
    .ARM.Collect$$$$00000000                 0x000001b8   Section        0  entry.o(.ARM.Collect$$$$00000000)
    .ARM.Collect$$$$00000001                 0x000001b8   Section        4  entry2.o(.ARM.Collect$$$$00000001)
    .ARM.Collect$$$$00000004                 0x000001bc   Section        4  entry5.o(.ARM.Collect$$$$00000004)
    .ARM.Collect$$$$00000008                 0x000001c0   Section        0  entry7b.o(.ARM.Collect$$$$00000008)
    .ARM.Collect$$$$0000000A                 0x000001c0   Section        0  entry8b.o(.ARM.Collect$$$$0000000A)
    .ARM.Collect$$$$0000000B                 0x000001c0   Section        8  entry9a.o(.ARM.Collect$$$$0000000B)
    .ARM.Collect$$$$0000000D                 0x000001c8   Section        0  entry10a.o(.ARM.Collect$$$$0000000D)
    .ARM.Collect$$$$0000000F                 0x000001c8   Section        0  entry11a.o(.ARM.Collect$$$$0000000F)
    .ARM.Collect$$$$00002712                 0x000001c8   Section        4  entry2.o(.ARM.Collect$$$$00002712)
    __lit__00000000                          0x000001c8   Data           4  entry2.o(.ARM.Collect$$$$00002712)
    .emb_text                                0x000001cc   Section       82  retarget.o(.emb_text)
    $v0                                      0x000001cc   Number         0  retarget.o(.emb_text)
    .text                                    0x00000220   Section        0  system_m480.o(.text)
    .text                                    0x00000314   Section      104  startup_m480.o(.text)
    $v0                                      0x00000314   Number         0  startup_m480.o(.text)
    Default_Handler                          0x00000367   Thumb Code     2  startup_m480.o(.text)
    .text                                    0x0000037c   Section        0  isp_uart_bus.o(.text)
    TIMER_Stop                               0x000004bf   Thumb Code    10  isp_uart_bus.o(.text)
    .text                                    0x000004dc   Section        0  isp_driver.o(.text)
    io_compare                               0x000004dd   Thumb Code    68  isp_driver.o(.text)
    .text                                    0x00000634   Section        0  spi_flash_spim.o(.text)
    .text                                    0x000007ec   Section        0  isp_can_bus.o(.text)
    CLK_SysTickDelay                         0x000007ed   Thumb Code    46  isp_can_bus.o(.text)
    .text                                    0x00000954   Section        0  isp_spi_bus.o(.text)
    CLK_SysTickDelay                         0x00000955   Thumb Code    46  isp_spi_bus.o(.text)
    .text                                    0x00000abc   Section        0  isp_i2c_bus.o(.text)
    .text                                    0x00000c94   Section        0  isp_rs485_bus.o(.text)
    TIMER_Stop                               0x00000dcd   Thumb Code    10  isp_rs485_bus.o(.text)
    .text                                    0x00000df0   Section        0  isp_cmd.o(.text)
    CLK_SysTickDelay                         0x00000df1   Thumb Code    46  isp_cmd.o(.text)
    .text                                    0x0000146c   Section        0  main_offline.o(.text)
    .text                                    0x00001798   Section        0  clk.o(.text)
    .text                                    0x00001e04   Section        0  uart.o(.text)
    .text                                    0x00002228   Section        0  timer.o(.text)
    .text                                    0x000023ec   Section        0  gpio.o(.text)
    .text                                    0x000024b0   Section        0  spim.o(.text)
    SwitchNBitOutput                         0x000024b1   Thumb Code    52  spim.o(.text)
    SwitchNBitInput                          0x000024e5   Thumb Code    48  spim.o(.text)
    spim_write                               0x00002515   Thumb Code   230  spim.o(.text)
    spim_read                                0x000025fb   Thumb Code   180  spim.o(.text)
    SPIM_ReadStatusRegister                  0x000026af   Thumb Code    62  spim.o(.text)
    SPIM_WriteStatusRegister                 0x000026ed   Thumb Code    48  spim.o(.text)
    SPIM_ReadStatusRegister2                 0x0000271d   Thumb Code    62  spim.o(.text)
    spim_wait_write_done                     0x0000275b   Thumb Code    58  spim.o(.text)
    spim_set_write_enable                    0x00002795   Thumb Code    52  spim.o(.text)
    spim_enable_spansion_quad_mode           0x00002939   Thumb Code   256  spim.o(.text)
    spim_eon_set_qpi_mode                    0x00002b17   Thumb Code    84  spim.o(.text)
    SPIM_WriteInPageDataByIo                 0x00002dbd   Thumb Code   152  spim.o(.text)
    SPIM_WriteInPageDataByPageWrite          0x00002e55   Thumb Code   148  spim.o(.text)
    SPIM_SPANSION_4Bytes_Enable              0x0000311d   Thumb Code   120  spim.o(.text)
    .text                                    0x00003194   Section        0  can.o(.text)
    ReleaseIF                                0x00003195   Thumb Code    50  can.o(.text)
    can_update_spt                           0x000031c7   Thumb Code    72  can.o(.text)
    LockIF_TL                                0x00003991   Thumb Code    28  can.o(.text)
    LockIF                                   0x000039ad   Thumb Code    88  can.o(.text)
    .text                                    0x00003a0c   Section        0  i2c.o(.text)
    .text                                    0x000042a0   Section        0  spi.o(.text)
    SPII2S_GetSourceClockFreq                0x0000499f   Thumb Code   166  spi.o(.text)
    .text                                    0x00004c92   Section        0  uldiv.o(.text)
    .text                                    0x00004cf4   Section        0  memcpya.o(.text)
    .text                                    0x00004d18   Section        0  memseta.o(.text)
    .text                                    0x00004d3c   Section        0  f2d.o(.text)
    .text                                    0x00004d64   Section        0  retarget.o(.text)
    __tagsym$$used                           0x00004d65   Number         0  retarget.o(.text)
    SendChar                                 0x00004d75   Thumb Code    48  retarget.o(.text)
    stackDump                                0x00004df9   Thumb Code    72  retarget.o(.text)
    .text                                    0x00004ec4   Section        0  uidiv.o(.text)
    .text                                    0x00004ef0   Section        0  llshl.o(.text)
    .text                                    0x00004f0e   Section        0  llushr.o(.text)
    .text                                    0x00004f2e   Section        0  dadd.o(.text)
    .text                                    0x00004f2e   Section        0  iusefp.o(.text)
    .text                                    0x0000507c   Section        0  dmul.o(.text)
    .text                                    0x00005160   Section        0  ddiv.o(.text)
    .text                                    0x0000523e   Section        0  dfixul.o(.text)
    .text                                    0x00005270   Section       48  cdrcmple.o(.text)
    .text                                    0x000052a0   Section       36  init.o(.text)
    .text                                    0x000052c4   Section        0  llsshr.o(.text)
    .text                                    0x000052e8   Section        0  depilogue.o(.text)
    i.__0printf                              0x000053a4   Section        0  printfa.o(i.__0printf)
    i.__scatterload_copy                     0x000053c4   Section       14  handlers.o(i.__scatterload_copy)
    i.__scatterload_null                     0x000053d2   Section        2  handlers.o(i.__scatterload_null)
    i.__scatterload_zeroinit                 0x000053d4   Section       14  handlers.o(i.__scatterload_zeroinit)
    i._fp_digits                             0x000053e4   Section        0  printfa.o(i._fp_digits)
    _fp_digits                               0x000053e5   Thumb Code   366  printfa.o(i._fp_digits)
    i._printf_core                           0x00005568   Section        0  printfa.o(i._printf_core)
    _printf_core                             0x00005569   Thumb Code  1744  printfa.o(i._printf_core)
    i._printf_post_padding                   0x00005c44   Section        0  printfa.o(i._printf_post_padding)
    _printf_post_padding                     0x00005c45   Thumb Code    36  printfa.o(i._printf_post_padding)
    i._printf_pre_padding                    0x00005c68   Section        0  printfa.o(i._printf_pre_padding)
    _printf_pre_padding                      0x00005c69   Thumb Code    46  printfa.o(i._printf_pre_padding)
    .constdata                               0x00005c98   Section       40  isp_driver.o(.constdata)
    .constdata                               0x00005cc0   Section       32  clk.o(.constdata)
    .constdata                               0x00005ce0   Section       48  uart.o(.constdata)
    .constdata                               0x00005d10   Section       32  timer.o(.constdata)
    .conststring                             0x00005d30   Section       38  isp_driver.o(.conststring)
    .data                                    0x20000000   Section       44  system_m480.o(.data)
    .data                                    0x2000002c   Section       60  isp_driver.o(.data)
    .data                                    0x20000068   Section       16  isp_cmd.o(.data)
    .data                                    0x20000078   Section       28  main_offline.o(.data)
    .data                                    0x20000094   Section        5  spim.o(.data)
    g_Supported_List                         0x20000094   Data           5  spim.o(.data)
    .data                                    0x20000099   Section        4  can.o(.data)
    gu8LockCanIf                             0x20000099   Data           4  can.o(.data)
    .data                                    0x2000009d   Section        1  retarget.o(.data)
    g_buf_len                                0x2000009d   Data           1  retarget.o(.data)
    .data                                    0x200000a0   Section        4  retarget.o(.data)
    .bss                                     0x200000a4   Section      680  isp_cmd.o(.bss)
    .bss                                     0x2000034c   Section       16  retarget.o(.bss)
    g_buf                                    0x2000034c   Data          16  retarget.o(.bss)
    STACK                                    0x20000360   Section     2048  startup_m480.o(STACK)

    Global Symbols

    Symbol Name                              Value     Ov Type        Size  Object(Section)

    BuildAttributes$$THM_ISAv4$E$P$D$K$B$S$7EM$VFPi3$EXTD16$VFPS$VFMA$PE$A:L22UL41UL21$X:L11$S22US41US21$IEEE1$IW$USESV6$~STKCKD$USESV7$~SHL$OSPACE$ROPI$EBA8$MICROLIB$REQ8$PRES8$EABIv2 0x00000000   Number         0  anon$$obj.o ABSOLUTE
    __ARM_use_no_argv                        0x00000000   Number         0  main_offline.o ABSOLUTE
    __Vectors                                0x00000000   Data           4  startup_m480.o(RESET)
    _printf_a                                0x00000000   Number         0  stubs.o ABSOLUTE
    _printf_c                                0x00000000   Number         0  stubs.o ABSOLUTE
    _printf_charcount                        0x00000000   Number         0  stubs.o ABSOLUTE
    _printf_d                                0x00000000   Number         0  stubs.o ABSOLUTE
    _printf_e                                0x00000000   Number         0  stubs.o ABSOLUTE
    _printf_f                                0x00000000   Number         0  stubs.o ABSOLUTE
    _printf_flags                            0x00000000   Number         0  stubs.o ABSOLUTE
    _printf_fp_dec                           0x00000000   Number         0  stubs.o ABSOLUTE
    _printf_fp_hex                           0x00000000   Number         0  stubs.o ABSOLUTE
    _printf_g                                0x00000000   Number         0  stubs.o ABSOLUTE
    _printf_i                                0x00000000   Number         0  stubs.o ABSOLUTE
    _printf_int_dec                          0x00000000   Number         0  stubs.o ABSOLUTE
    _printf_l                                0x00000000   Number         0  stubs.o ABSOLUTE
    _printf_lc                               0x00000000   Number         0  stubs.o ABSOLUTE
    _printf_ll                               0x00000000   Number         0  stubs.o ABSOLUTE
    _printf_lld                              0x00000000   Number         0  stubs.o ABSOLUTE
    _printf_lli                              0x00000000   Number         0  stubs.o ABSOLUTE
    _printf_llo                              0x00000000   Number         0  stubs.o ABSOLUTE
    _printf_llu                              0x00000000   Number         0  stubs.o ABSOLUTE
    _printf_llx                              0x00000000   Number         0  stubs.o ABSOLUTE
    _printf_longlong_dec                     0x00000000   Number         0  stubs.o ABSOLUTE
    _printf_longlong_hex                     0x00000000   Number         0  stubs.o ABSOLUTE
    _printf_longlong_oct                     0x00000000   Number         0  stubs.o ABSOLUTE
    _printf_ls                               0x00000000   Number         0  stubs.o ABSOLUTE
    _printf_mbtowc                           0x00000000   Number         0  stubs.o ABSOLUTE
    _printf_n                                0x00000000   Number         0  stubs.o ABSOLUTE
    _printf_o                                0x00000000   Number         0  stubs.o ABSOLUTE
    _printf_p                                0x00000000   Number         0  stubs.o ABSOLUTE
    _printf_percent                          0x00000000   Number         0  stubs.o ABSOLUTE
    _printf_pre_padding                      0x00000000   Number         0  stubs.o ABSOLUTE
    _printf_return_value                     0x00000000   Number         0  stubs.o ABSOLUTE
    _printf_s                                0x00000000   Number         0  stubs.o ABSOLUTE
    _printf_sizespec                         0x00000000   Number         0  stubs.o ABSOLUTE
    _printf_str                              0x00000000   Number         0  stubs.o ABSOLUTE
    _printf_truncate_signed                  0x00000000   Number         0  stubs.o ABSOLUTE
    _printf_truncate_unsigned                0x00000000   Number         0  stubs.o ABSOLUTE
    _printf_u                                0x00000000   Number         0  stubs.o ABSOLUTE
    _printf_wc                               0x00000000   Number         0  stubs.o ABSOLUTE
    _printf_wctomb                           0x00000000   Number         0  stubs.o ABSOLUTE
    _printf_widthprec                        0x00000000   Number         0  stubs.o ABSOLUTE
    _printf_x                                0x00000000   Number         0  stubs.o ABSOLUTE
    __cpp_initialize__aeabi_                  - Undefined Weak Reference
    __cxa_finalize                            - Undefined Weak Reference
    __decompress                              - Undefined Weak Reference
    _clock_init                               - Undefined Weak Reference
    _microlib_exit                            - Undefined Weak Reference
    __Vectors_End                            0x000001b8   Data           0  startup_m480.o(RESET)
    __Vectors_Size                           0x000001b8   Number         0  startup_m480.o ABSOLUTE
    __main                                   0x000001b9   Thumb Code     0  entry.o(.ARM.Collect$$$$00000000)
    _main_stk                                0x000001b9   Thumb Code     0  entry2.o(.ARM.Collect$$$$00000001)
    _main_scatterload                        0x000001bd   Thumb Code     0  entry5.o(.ARM.Collect$$$$00000004)
    __main_after_scatterload                 0x000001c1   Thumb Code     0  entry5.o(.ARM.Collect$$$$00000004)
    _main_clock                              0x000001c1   Thumb Code     0  entry7b.o(.ARM.Collect$$$$00000008)
    _main_cpp_init                           0x000001c1   Thumb Code     0  entry8b.o(.ARM.Collect$$$$0000000A)
    _main_init                               0x000001c1   Thumb Code     0  entry9a.o(.ARM.Collect$$$$0000000B)
    __rt_final_cpp                           0x000001c9   Thumb Code     0  entry10a.o(.ARM.Collect$$$$0000000D)
    __rt_final_exit                          0x000001c9   Thumb Code     0  entry11a.o(.ARM.Collect$$$$0000000F)
    HardFault_Handler                        0x000001cd   Thumb Code    60  retarget.o(.emb_text)
    SH_DoCommand                             0x0000020d   Thumb Code    18  retarget.o(.emb_text)
    SystemCoreClockUpdate                    0x00000221   Thumb Code    74  system_m480.o(.text)
    SystemInit                               0x0000026b   Thumb Code   132  system_m480.o(.text)
    Reset_Handler                            0x00000315   Thumb Code    64  startup_m480.o(.text)
    NMI_Handler                              0x00000355   Thumb Code     2  startup_m480.o(.text)
    MemManage_Handler                        0x00000359   Thumb Code     2  startup_m480.o(.text)
    BusFault_Handler                         0x0000035b   Thumb Code     2  startup_m480.o(.text)
    UsageFault_Handler                       0x0000035d   Thumb Code     2  startup_m480.o(.text)
    SVC_Handler                              0x0000035f   Thumb Code     2  startup_m480.o(.text)
    DebugMon_Handler                         0x00000361   Thumb Code     2  startup_m480.o(.text)
    PendSV_Handler                           0x00000363   Thumb Code     2  startup_m480.o(.text)
    SysTick_Handler                          0x00000365   Thumb Code     2  startup_m480.o(.text)
    ACMP01_IRQHandler                        0x00000367   Thumb Code     0  startup_m480.o(.text)
    ADC00_IRQHandler                         0x00000367   Thumb Code     0  startup_m480.o(.text)
    ADC01_IRQHandler                         0x00000367   Thumb Code     0  startup_m480.o(.text)
    ADC02_IRQHandler                         0x00000367   Thumb Code     0  startup_m480.o(.text)
    ADC03_IRQHandler                         0x00000367   Thumb Code     0  startup_m480.o(.text)
    BOD_IRQHandler                           0x00000367   Thumb Code     0  startup_m480.o(.text)
    BPWM0_IRQHandler                         0x00000367   Thumb Code     0  startup_m480.o(.text)
    BPWM1_IRQHandler                         0x00000367   Thumb Code     0  startup_m480.o(.text)
    BRAKE0_IRQHandler                        0x00000367   Thumb Code     0  startup_m480.o(.text)
    BRAKE1_IRQHandler                        0x00000367   Thumb Code     0  startup_m480.o(.text)
    CAN0_IRQHandler                          0x00000367   Thumb Code     0  startup_m480.o(.text)
    CAN1_IRQHandler                          0x00000367   Thumb Code     0  startup_m480.o(.text)
    CKFAIL_IRQHandler                        0x00000367   Thumb Code     0  startup_m480.o(.text)
    CRYPTO_IRQHandler                        0x00000367   Thumb Code     0  startup_m480.o(.text)
    DAC_IRQHandler                           0x00000367   Thumb Code     0  startup_m480.o(.text)
    ECAP0_IRQHandler                         0x00000367   Thumb Code     0  startup_m480.o(.text)
    ECAP1_IRQHandler                         0x00000367   Thumb Code     0  startup_m480.o(.text)
    EHCI_IRQHandler                          0x00000367   Thumb Code     0  startup_m480.o(.text)
    EINT0_IRQHandler                         0x00000367   Thumb Code     0  startup_m480.o(.text)
    EINT1_IRQHandler                         0x00000367   Thumb Code     0  startup_m480.o(.text)
    EINT2_IRQHandler                         0x00000367   Thumb Code     0  startup_m480.o(.text)
    EINT3_IRQHandler                         0x00000367   Thumb Code     0  startup_m480.o(.text)
    EINT4_IRQHandler                         0x00000367   Thumb Code     0  startup_m480.o(.text)
    EINT5_IRQHandler                         0x00000367   Thumb Code     0  startup_m480.o(.text)
    EINT6_IRQHandler                         0x00000367   Thumb Code     0  startup_m480.o(.text)
    EINT7_IRQHandler                         0x00000367   Thumb Code     0  startup_m480.o(.text)
    EMAC_RX_IRQHandler                       0x00000367   Thumb Code     0  startup_m480.o(.text)
    EMAC_TX_IRQHandler                       0x00000367   Thumb Code     0  startup_m480.o(.text)
    EPWM0P0_IRQHandler                       0x00000367   Thumb Code     0  startup_m480.o(.text)
    EPWM0P1_IRQHandler                       0x00000367   Thumb Code     0  startup_m480.o(.text)
    EPWM0P2_IRQHandler                       0x00000367   Thumb Code     0  startup_m480.o(.text)
    EPWM1P0_IRQHandler                       0x00000367   Thumb Code     0  startup_m480.o(.text)
    EPWM1P1_IRQHandler                       0x00000367   Thumb Code     0  startup_m480.o(.text)
    EPWM1P2_IRQHandler                       0x00000367   Thumb Code     0  startup_m480.o(.text)
    GPA_IRQHandler                           0x00000367   Thumb Code     0  startup_m480.o(.text)
    GPB_IRQHandler                           0x00000367   Thumb Code     0  startup_m480.o(.text)
    GPC_IRQHandler                           0x00000367   Thumb Code     0  startup_m480.o(.text)
    GPD_IRQHandler                           0x00000367   Thumb Code     0  startup_m480.o(.text)
    GPE_IRQHandler                           0x00000367   Thumb Code     0  startup_m480.o(.text)
    GPF_IRQHandler                           0x00000367   Thumb Code     0  startup_m480.o(.text)
    GPG_IRQHandler                           0x00000367   Thumb Code     0  startup_m480.o(.text)
    GPH_IRQHandler                           0x00000367   Thumb Code     0  startup_m480.o(.text)
    I2C0_IRQHandler                          0x00000367   Thumb Code     0  startup_m480.o(.text)
    I2C1_IRQHandler                          0x00000367   Thumb Code     0  startup_m480.o(.text)
    I2C2_IRQHandler                          0x00000367   Thumb Code     0  startup_m480.o(.text)
    I2S0_IRQHandler                          0x00000367   Thumb Code     0  startup_m480.o(.text)
    IRC_IRQHandler                           0x00000367   Thumb Code     0  startup_m480.o(.text)
    OHCI_IRQHandler                          0x00000367   Thumb Code     0  startup_m480.o(.text)
    OPA0_IRQHandler                          0x00000367   Thumb Code     0  startup_m480.o(.text)
    PDMA_IRQHandler                          0x00000367   Thumb Code     0  startup_m480.o(.text)
    PWRWU_IRQHandler                         0x00000367   Thumb Code     0  startup_m480.o(.text)
    QEI0_IRQHandler                          0x00000367   Thumb Code     0  startup_m480.o(.text)
    QEI1_IRQHandler                          0x00000367   Thumb Code     0  startup_m480.o(.text)
    QSPI0_IRQHandler                         0x00000367   Thumb Code     0  startup_m480.o(.text)
    RAMPE_IRQHandler                         0x00000367   Thumb Code     0  startup_m480.o(.text)
    RTC_IRQHandler                           0x00000367   Thumb Code     0  startup_m480.o(.text)
    SC0_IRQHandler                           0x00000367   Thumb Code     0  startup_m480.o(.text)
    SC1_IRQHandler                           0x00000367   Thumb Code     0  startup_m480.o(.text)
    SC2_IRQHandler                           0x00000367   Thumb Code     0  startup_m480.o(.text)
    SDH0_IRQHandler                          0x00000367   Thumb Code     0  startup_m480.o(.text)
    SDH1_IRQHandler                          0x00000367   Thumb Code     0  startup_m480.o(.text)
    SPI0_IRQHandler                          0x00000367   Thumb Code     0  startup_m480.o(.text)
    SPI1_IRQHandler                          0x00000367   Thumb Code     0  startup_m480.o(.text)
    SPI2_IRQHandler                          0x00000367   Thumb Code     0  startup_m480.o(.text)
    SPI3_IRQHandler                          0x00000367   Thumb Code     0  startup_m480.o(.text)
    SPIM_IRQHandler                          0x00000367   Thumb Code     0  startup_m480.o(.text)
    TAMPER_IRQHandler                        0x00000367   Thumb Code     0  startup_m480.o(.text)
    TMR0_IRQHandler                          0x00000367   Thumb Code     0  startup_m480.o(.text)
    TMR2_IRQHandler                          0x00000367   Thumb Code     0  startup_m480.o(.text)
    TMR3_IRQHandler                          0x00000367   Thumb Code     0  startup_m480.o(.text)
    UART0_IRQHandler                         0x00000367   Thumb Code     0  startup_m480.o(.text)
    UART1_IRQHandler                         0x00000367   Thumb Code     0  startup_m480.o(.text)
    UART2_IRQHandler                         0x00000367   Thumb Code     0  startup_m480.o(.text)
    UART3_IRQHandler                         0x00000367   Thumb Code     0  startup_m480.o(.text)
    UART4_IRQHandler                         0x00000367   Thumb Code     0  startup_m480.o(.text)
    UART5_IRQHandler                         0x00000367   Thumb Code     0  startup_m480.o(.text)
    USBD20_IRQHandler                        0x00000367   Thumb Code     0  startup_m480.o(.text)
    USBD_IRQHandler                          0x00000367   Thumb Code     0  startup_m480.o(.text)
    USBOTG20_IRQHandler                      0x00000367   Thumb Code     0  startup_m480.o(.text)
    USBOTG_IRQHandler                        0x00000367   Thumb Code     0  startup_m480.o(.text)
    USCI0_IRQHandler                         0x00000367   Thumb Code     0  startup_m480.o(.text)
    USCI1_IRQHandler                         0x00000367   Thumb Code     0  startup_m480.o(.text)
    WDT_IRQHandler                           0x00000367   Thumb Code     0  startup_m480.o(.text)
    WWDT_IRQHandler                          0x00000367   Thumb Code     0  startup_m480.o(.text)
    SendChar_ToUART0                         0x0000037d   Thumb Code    34  isp_uart_bus.o(.text)
    ISP_UART_WRITE                           0x0000039f   Thumb Code    32  isp_uart_bus.o(.text)
    ISP_UART_READ                            0x000003bf   Thumb Code   130  isp_uart_bus.o(.text)
    UART_Config                              0x00000441   Thumb Code    86  isp_uart_bus.o(.text)
    ISP_UART_Package                         0x00000497   Thumb Code    40  isp_uart_bus.o(.text)
    io_open                                  0x00000521   Thumb Code    84  isp_driver.o(.text)
    io_write                                 0x00000575   Thumb Code    62  isp_driver.o(.text)
    io_read                                  0x000005b3   Thumb Code    62  isp_driver.o(.text)
    str_compare                              0x000005f1   Thumb Code    64  isp_driver.o(.text)
    initial_spi                              0x00000635   Thumb Code   250  spi_flash_spim.o(.text)
    CAN_WRITE                                0x0000081b   Thumb Code    96  isp_can_bus.o(.text)
    CAN_READ                                 0x0000087b   Thumb Code    88  isp_can_bus.o(.text)
    CAN_Config                               0x000008d3   Thumb Code   104  isp_can_bus.o(.text)
    CAN_Package                              0x0000093b   Thumb Code     6  isp_can_bus.o(.text)
    SPI_WRITE                                0x00000983   Thumb Code    94  isp_spi_bus.o(.text)
    SPI_READ                                 0x000009e1   Thumb Code   116  isp_spi_bus.o(.text)
    SPI_Config                               0x00000a55   Thumb Code    82  isp_spi_bus.o(.text)
    SPI_Package                              0x00000aa7   Thumb Code     6  isp_spi_bus.o(.text)
    I2C_WRITE                                0x00000abd   Thumb Code   198  isp_i2c_bus.o(.text)
    I2C_READ                                 0x00000b83   Thumb Code   198  isp_i2c_bus.o(.text)
    I2C_Config                               0x00000c49   Thumb Code    58  isp_i2c_bus.o(.text)
    I2C_Package                              0x00000c83   Thumb Code     6  isp_i2c_bus.o(.text)
    SendChar_ToRS485                         0x00000c95   Thumb Code    34  isp_rs485_bus.o(.text)
    RS485_WRITE                              0x00000cb7   Thumb Code    42  isp_rs485_bus.o(.text)
    RS485_READ                               0x00000ce1   Thumb Code   130  isp_rs485_bus.o(.text)
    RS485_Config                             0x00000d63   Thumb Code   100  isp_rs485_bus.o(.text)
    RS485_Package                            0x00000dc7   Thumb Code     6  isp_rs485_bus.o(.text)
    WordsCpy                                 0x00000e1f   Thumb Code    24  isp_cmd.o(.text)
    Checksum                                 0x00000e37   Thumb Code    26  isp_cmd.o(.text)
    SendData                                 0x00000e51   Thumb Code    32  isp_cmd.o(.text)
    RcvData                                  0x00000e71   Thumb Code   114  isp_cmd.o(.text)
    CmdSyncPackno                            0x00000ee3   Thumb Code    80  isp_cmd.o(.text)
    CmdRunLDROM                              0x00000f33   Thumb Code    74  isp_cmd.o(.text)
    CmdRunAPROM                              0x00000f7d   Thumb Code    74  isp_cmd.o(.text)
    CmdFWVersion                             0x00000fc7   Thumb Code    80  isp_cmd.o(.text)
    CmdGetDeviceID                           0x00001017   Thumb Code    80  isp_cmd.o(.text)
    CmdGetFlashMode                          0x00001067   Thumb Code    80  isp_cmd.o(.text)
    CmdGetConfig                             0x000010b7   Thumb Code    96  isp_cmd.o(.text)
    auto_detect_command                      0x00001117   Thumb Code    74  isp_cmd.o(.text)
    CmdUpdateConfig                          0x00001161   Thumb Code    74  isp_cmd.o(.text)
    UpdatedTargetFalsh                       0x000011ab   Thumb Code   458  isp_cmd.o(.text)
    init_ISP_command                         0x00001375   Thumb Code    64  isp_cmd.o(.text)
    SyncPackno                               0x000013b5   Thumb Code    10  isp_cmd.o(.text)
    Auto_Detect_Connect                      0x000013bf   Thumb Code    10  isp_cmd.o(.text)
    FWVersion                                0x000013c9   Thumb Code    14  isp_cmd.o(.text)
    GetDeviceID                              0x000013d7   Thumb Code    14  isp_cmd.o(.text)
    GetConfig                                0x000013e5   Thumb Code    14  isp_cmd.o(.text)
    GetFlashMode                             0x000013f3   Thumb Code    14  isp_cmd.o(.text)
    RunLDROM                                 0x00001401   Thumb Code    10  isp_cmd.o(.text)
    RunAPROM                                 0x0000140b   Thumb Code    10  isp_cmd.o(.text)
    Updated_Target_Flash                     0x00001415   Thumb Code    18  isp_cmd.o(.text)
    SYS_Init                                 0x0000146d   Thumb Code    44  main_offline.o(.text)
    check_error                              0x00001499   Thumb Code    40  main_offline.o(.text)
    TMR1_IRQHandler                          0x000014c1   Thumb Code    34  main_offline.o(.text)
    timer_1_init                             0x000014e3   Thumb Code    86  main_offline.o(.text)
    main                                     0x00001539   Thumb Code   320  main_offline.o(.text)
    CLK_DisableModuleClock                   0x00001799   Thumb Code    24  clk.o(.text)
    CLK_DisableCKO                           0x000017b1   Thumb Code     4  clk.o(.text)
    CLK_SetModuleClock                       0x000017b5   Thumb Code   100  clk.o(.text)
    CLK_EnableModuleClock                    0x00001819   Thumb Code    24  clk.o(.text)
    CLK_EnableCKO                            0x00001831   Thumb Code    40  clk.o(.text)
    CLK_PowerDown                            0x00001859   Thumb Code    28  clk.o(.text)
    CLK_Idle                                 0x00001875   Thumb Code    28  clk.o(.text)
    CLK_GetHXTFreq                           0x00001891   Thumb Code    16  clk.o(.text)
    CLK_GetLXTFreq                           0x000018a1   Thumb Code    22  clk.o(.text)
    CLK_GetPCLK0Freq                         0x000018b7   Thumb Code    96  clk.o(.text)
    CLK_GetPCLK1Freq                         0x00001917   Thumb Code    98  clk.o(.text)
    CLK_GetHCLKFreq                          0x00001979   Thumb Code    12  clk.o(.text)
    CLK_GetCPUFreq                           0x00001985   Thumb Code    12  clk.o(.text)
    CLK_WaitClockReady                       0x00001991   Thumb Code    38  clk.o(.text)
    CLK_SetHCLK                              0x000019b7   Thumb Code    98  clk.o(.text)
    CLK_GetPLLClockFreq                      0x00001a19   Thumb Code    66  clk.o(.text)
    CLK_DisablePLL                           0x00001a5b   Thumb Code    18  clk.o(.text)
    CLK_EnablePLL                            0x00001a6d   Thumb Code   360  clk.o(.text)
    CLK_SetCoreClock                         0x00001bd5   Thumb Code   128  clk.o(.text)
    CLK_SetSysTickClockSrc                   0x00001c55   Thumb Code    20  clk.o(.text)
    CLK_EnableXtalRC                         0x00001c69   Thumb Code    16  clk.o(.text)
    CLK_DisableXtalRC                        0x00001c79   Thumb Code    16  clk.o(.text)
    CLK_EnableSysTick                        0x00001c89   Thumb Code    56  clk.o(.text)
    CLK_DisableSysTick                       0x00001cc1   Thumb Code    10  clk.o(.text)
    CLK_SetPowerDownMode                     0x00001ccb   Thumb Code    50  clk.o(.text)
    CLK_EnableDPDWKPin                       0x00001cfd   Thumb Code    20  clk.o(.text)
    CLK_GetPMUWKSrc                          0x00001d11   Thumb Code    10  clk.o(.text)
    CLK_EnableSPDWKPin                       0x00001d1b   Thumb Code    32  clk.o(.text)
    CLK_GetModuleClockSource                 0x00001d3b   Thumb Code   120  clk.o(.text)
    CLK_GetModuleClockDivider                0x00001db3   Thumb Code    54  clk.o(.text)
    UART_ClearIntFlag                        0x00001e05   Thumb Code    56  uart.o(.text)
    UART_Close                               0x00001e3d   Thumb Code     6  uart.o(.text)
    UART_DisableFlowCtrl                     0x00001e43   Thumb Code    10  uart.o(.text)
    UART_DisableInt                          0x00001e4d   Thumb Code     8  uart.o(.text)
    UART_EnableFlowCtrl                      0x00001e55   Thumb Code    26  uart.o(.text)
    UART_EnableInt                           0x00001e6f   Thumb Code     8  uart.o(.text)
    UART_Open                                0x00001e77   Thumb Code   246  uart.o(.text)
    UART_Read                                0x00001f6d   Thumb Code    46  uart.o(.text)
    UART_SetLineConfig                       0x00001f9b   Thumb Code   248  uart.o(.text)
    UART_SetTimeoutCnt                       0x00002093   Thumb Code    20  uart.o(.text)
    UART_SelectIrDAMode                      0x000020a7   Thumb Code   250  uart.o(.text)
    UART_SelectRS485Mode                     0x000021a1   Thumb Code    26  uart.o(.text)
    UART_SelectLINMode                       0x000021bb   Thumb Code    22  uart.o(.text)
    UART_Write                               0x000021d1   Thumb Code    88  uart.o(.text)
    TIMER_GetModuleClock                     0x00002229   Thumb Code   102  timer.o(.text)
    TIMER_Open                               0x0000228f   Thumb Code    54  timer.o(.text)
    TIMER_Close                              0x000022c5   Thumb Code     8  timer.o(.text)
    TIMER_Delay                              0x000022cd   Thumb Code   120  timer.o(.text)
    TIMER_EnableCapture                      0x00002345   Thumb Code    22  timer.o(.text)
    TIMER_DisableCapture                     0x0000235b   Thumb Code    10  timer.o(.text)
    TIMER_EnableEventCounter                 0x00002365   Thumb Code    20  timer.o(.text)
    TIMER_DisableEventCounter                0x00002379   Thumb Code    10  timer.o(.text)
    TIMER_EnableFreqCounter                  0x00002383   Thumb Code    34  timer.o(.text)
    TIMER_DisableFreqCounter                 0x000023a5   Thumb Code    10  timer.o(.text)
    TIMER_SetTriggerSource                   0x000023af   Thumb Code    12  timer.o(.text)
    TIMER_SetTriggerTarget                   0x000023bb   Thumb Code    12  timer.o(.text)
    GPIO_SetMode                             0x000023ed   Thumb Code    44  gpio.o(.text)
    GPIO_EnableInt                           0x00002419   Thumb Code    40  gpio.o(.text)
    GPIO_DisableInt                          0x00002441   Thumb Code    24  gpio.o(.text)
    GPIO_SetSlewCtl                          0x00002459   Thumb Code    44  gpio.o(.text)
    GPIO_SetPullCtl                          0x00002485   Thumb Code    44  gpio.o(.text)
    SPIM_GetSClkFreq                         0x000027c9   Thumb Code    20  spim.o(.text)
    SPIM_ReadJedecId                         0x000027dd   Thumb Code    62  spim.o(.text)
    SPIM_InitFlash                           0x0000281b   Thumb Code   286  spim.o(.text)
    SPIM_SetQuadEnable                       0x00002a39   Thumb Code   222  spim.o(.text)
    SPIM_Is4ByteModeEnable                   0x00002b6b   Thumb Code   208  spim.o(.text)
    SPIM_Enable_4Bytes_Mode                  0x00002c3b   Thumb Code   176  spim.o(.text)
    SPIM_ChipErase                           0x00002ceb   Thumb Code    90  spim.o(.text)
    SPIM_EraseBlock                          0x00002d45   Thumb Code   120  spim.o(.text)
    SPIM_IO_Write                            0x00002ee9   Thumb Code   154  spim.o(.text)
    SPIM_IO_Read                             0x00002f83   Thumb Code   160  spim.o(.text)
    SPIM_DMA_Write                           0x00003023   Thumb Code   114  spim.o(.text)
    SPIM_DMA_Read                            0x00003095   Thumb Code    72  spim.o(.text)
    SPIM_EnterDirectMapMode                  0x000030dd   Thumb Code    52  spim.o(.text)
    SPIM_ExitDirectMapMode                   0x00003111   Thumb Code    12  spim.o(.text)
    CAN_EnterInitMode                        0x0000320f   Thumb Code     8  can.o(.text)
    CAN_LeaveInitMode                        0x00003217   Thumb Code    16  can.o(.text)
    CAN_WaitMsg                              0x00003227   Thumb Code    20  can.o(.text)
    CAN_GetCANBitRate                        0x0000323b   Thumb Code    40  can.o(.text)
    CAN_EnterTestMode                        0x00003263   Thumb Code    12  can.o(.text)
    CAN_LeaveTestMode                        0x0000326f   Thumb Code    26  can.o(.text)
    CAN_IsNewDataReceived                    0x00003289   Thumb Code    24  can.o(.text)
    CAN_BasicSendMsg                         0x000032a1   Thumb Code   150  can.o(.text)
    CAN_BasicReceiveMsg                      0x00003337   Thumb Code   138  can.o(.text)
    CAN_SetRxMsgObjAndMsk                    0x000033c1   Thumb Code   140  can.o(.text)
    CAN_SetRxMsgObj                          0x0000344d   Thumb Code   126  can.o(.text)
    CAN_ReadMsgObj                           0x000034cb   Thumb Code   190  can.o(.text)
    CAN_SetBaudRate                          0x00003589   Thumb Code   370  can.o(.text)
    CAN_DisableInt                           0x000036fb   Thumb Code    12  can.o(.text)
    CAN_Close                                0x00003707   Thumb Code    10  can.o(.text)
    CAN_Open                                 0x00003711   Thumb Code    28  can.o(.text)
    CAN_SetTxMsg                             0x0000372d   Thumb Code   144  can.o(.text)
    CAN_TriggerTxMsg                         0x000037bd   Thumb Code    70  can.o(.text)
    CAN_EnableInt                            0x00003803   Thumb Code    16  can.o(.text)
    CAN_SetRxMsg                             0x00003813   Thumb Code    60  can.o(.text)
    CAN_SetRxMsgAndMsk                       0x0000384f   Thumb Code    64  can.o(.text)
    CAN_SetMultiRxMsg                        0x0000388f   Thumb Code    92  can.o(.text)
    CAN_Transmit                             0x000038eb   Thumb Code    60  can.o(.text)
    CAN_Receive                              0x00003927   Thumb Code    34  can.o(.text)
    CAN_CLR_INT_PENDING_BIT                  0x00003949   Thumb Code    72  can.o(.text)
    I2C_Open                                 0x00003a0d   Thumb Code    62  i2c.o(.text)
    I2C_Close                                0x00003a4b   Thumb Code    56  i2c.o(.text)
    I2C_ClearTimeoutFlag                     0x00003a83   Thumb Code    10  i2c.o(.text)
    I2C_Trigger                              0x00003a8d   Thumb Code    40  i2c.o(.text)
    I2C_DisableInt                           0x00003ab5   Thumb Code    10  i2c.o(.text)
    I2C_EnableInt                            0x00003abf   Thumb Code    10  i2c.o(.text)
    I2C_GetBusClockFreq                      0x00003ac9   Thumb Code    30  i2c.o(.text)
    I2C_SetBusClockFreq                      0x00003ae7   Thumb Code    54  i2c.o(.text)
    I2C_GetIntFlag                           0x00003b1d   Thumb Code    14  i2c.o(.text)
    I2C_GetStatus                            0x00003b2b   Thumb Code     4  i2c.o(.text)
    I2C_GetData                              0x00003b2f   Thumb Code     6  i2c.o(.text)
    I2C_SetData                              0x00003b35   Thumb Code     4  i2c.o(.text)
    I2C_SetSlaveAddr                         0x00003b39   Thumb Code    32  i2c.o(.text)
    I2C_SetSlaveAddrMask                     0x00003b59   Thumb Code    30  i2c.o(.text)
    I2C_EnableTimeout                        0x00003b77   Thumb Code    28  i2c.o(.text)
    I2C_DisableTimeout                       0x00003b93   Thumb Code    10  i2c.o(.text)
    I2C_EnableWakeup                         0x00003b9d   Thumb Code    10  i2c.o(.text)
    I2C_DisableWakeup                        0x00003ba7   Thumb Code    10  i2c.o(.text)
    I2C_SMBusGetStatus                       0x00003bb1   Thumb Code     4  i2c.o(.text)
    I2C_SMBusClearInterruptFlag              0x00003bb5   Thumb Code     4  i2c.o(.text)
    I2C_SMBusSetPacketByteCount              0x00003bb9   Thumb Code     4  i2c.o(.text)
    I2C_SMBusOpen                            0x00003bbd   Thumb Code    28  i2c.o(.text)
    I2C_SMBusClose                           0x00003bd9   Thumb Code     6  i2c.o(.text)
    I2C_SMBusPECTxEnable                     0x00003bdf   Thumb Code    28  i2c.o(.text)
    I2C_SMBusGetPECValue                     0x00003bfb   Thumb Code     6  i2c.o(.text)
    I2C_SMBusIdleTimeout                     0x00003c01   Thumb Code    40  i2c.o(.text)
    I2C_SMBusTimeout                         0x00003c29   Thumb Code    60  i2c.o(.text)
    I2C_SMBusClockLoTimeout                  0x00003c65   Thumb Code    60  i2c.o(.text)
    I2C_WriteByte                            0x00003ca1   Thumb Code    94  i2c.o(.text)
    I2C_WriteMultiBytes                      0x00003cff   Thumb Code   110  i2c.o(.text)
    I2C_WriteByteOneReg                      0x00003d6d   Thumb Code   110  i2c.o(.text)
    I2C_WriteMultiBytesOneReg                0x00003ddb   Thumb Code   128  i2c.o(.text)
    I2C_WriteByteTwoRegs                     0x00003e5b   Thumb Code   130  i2c.o(.text)
    I2C_WriteMultiBytesTwoRegs               0x00003edd   Thumb Code   142  i2c.o(.text)
    I2C_ReadByte                             0x00003f6b   Thumb Code    96  i2c.o(.text)
    I2C_ReadMultiBytes                       0x00003fcb   Thumb Code   126  i2c.o(.text)
    I2C_ReadByteOneReg                       0x00004049   Thumb Code   124  i2c.o(.text)
    I2C_ReadMultiBytesOneReg                 0x000040c5   Thumb Code   154  i2c.o(.text)
    I2C_ReadByteTwoRegs                      0x0000415f   Thumb Code   146  i2c.o(.text)
    I2C_ReadMultiBytesTwoRegs                0x000041f1   Thumb Code   176  i2c.o(.text)
    SPI_Open                                 0x000042a1   Thumb Code   484  spi.o(.text)
    SPI_Close                                0x00004485   Thumb Code    88  spi.o(.text)
    SPI_ClearRxFIFO                          0x000044dd   Thumb Code    10  spi.o(.text)
    SPI_ClearTxFIFO                          0x000044e7   Thumb Code    10  spi.o(.text)
    SPI_DisableAutoSS                        0x000044f1   Thumb Code    10  spi.o(.text)
    SPI_EnableAutoSS                         0x000044fb   Thumb Code    18  spi.o(.text)
    SPI_SetBusClock                          0x0000450d   Thumb Code   328  spi.o(.text)
    SPI_SetFIFO                              0x00004655   Thumb Code    18  spi.o(.text)
    SPI_GetBusClock                          0x00004667   Thumb Code   204  spi.o(.text)
    SPI_EnableInt                            0x00004733   Thumb Code   122  spi.o(.text)
    SPI_DisableInt                           0x000047ad   Thumb Code   122  spi.o(.text)
    SPI_GetIntFlag                           0x00004827   Thumb Code   168  spi.o(.text)
    SPI_ClearIntFlag                         0x000048cf   Thumb Code    72  spi.o(.text)
    SPI_GetStatus                            0x00004917   Thumb Code   136  spi.o(.text)
    SPII2S_Open                              0x00004a45   Thumb Code   320  spi.o(.text)
    SPII2S_Close                             0x00004b85   Thumb Code    10  spi.o(.text)
    SPII2S_EnableInt                         0x00004b8f   Thumb Code    86  spi.o(.text)
    SPII2S_DisableInt                        0x00004be5   Thumb Code    86  spi.o(.text)
    SPII2S_EnableMCLK                        0x00004c3b   Thumb Code    60  spi.o(.text)
    SPII2S_DisableMCLK                       0x00004c77   Thumb Code    10  spi.o(.text)
    SPII2S_SetFIFO                           0x00004c81   Thumb Code    18  spi.o(.text)
    __aeabi_uldivmod                         0x00004c93   Thumb Code    98  uldiv.o(.text)
    __aeabi_memcpy                           0x00004cf5   Thumb Code    36  memcpya.o(.text)
    __aeabi_memcpy4                          0x00004cf5   Thumb Code     0  memcpya.o(.text)
    __aeabi_memcpy8                          0x00004cf5   Thumb Code     0  memcpya.o(.text)
    __aeabi_memset                           0x00004d19   Thumb Code    14  memseta.o(.text)
    __aeabi_memset4                          0x00004d19   Thumb Code     0  memseta.o(.text)
    __aeabi_memset8                          0x00004d19   Thumb Code     0  memseta.o(.text)
    __aeabi_memclr                           0x00004d27   Thumb Code     4  memseta.o(.text)
    __aeabi_memclr4                          0x00004d27   Thumb Code     0  memseta.o(.text)
    __aeabi_memclr8                          0x00004d27   Thumb Code     0  memseta.o(.text)
    _memset$wrapper                          0x00004d2b   Thumb Code    18  memseta.o(.text)
    __aeabi_f2d                              0x00004d3d   Thumb Code    38  f2d.o(.text)
    Hard_Fault_Handler                       0x00004d65   Thumb Code    16  retarget.o(.text)
    kbhit                                    0x00004da5   Thumb Code     4  retarget.o(.text)
    IsDebugFifoEmpty                         0x00004da9   Thumb Code     4  retarget.o(.text)
    _ttywrch                                 0x00004dad   Thumb Code     2  retarget.o(.text)
    fputc                                    0x00004daf   Thumb Code    12  retarget.o(.text)
    fgetc                                    0x00004dbb   Thumb Code    44  retarget.o(.text)
    ferror                                   0x00004de7   Thumb Code     6  retarget.o(.text)
    _sys_exit                                0x00004ded   Thumb Code    12  retarget.o(.text)
    __aeabi_uidiv                            0x00004ec5   Thumb Code     0  uidiv.o(.text)
    __aeabi_uidivmod                         0x00004ec5   Thumb Code    44  uidiv.o(.text)
    __aeabi_llsl                             0x00004ef1   Thumb Code    30  llshl.o(.text)
    _ll_shift_l                              0x00004ef1   Thumb Code     0  llshl.o(.text)
    __aeabi_llsr                             0x00004f0f   Thumb Code    32  llushr.o(.text)
    _ll_ushift_r                             0x00004f0f   Thumb Code     0  llushr.o(.text)
    __I$use$fp                               0x00004f2f   Thumb Code     0  iusefp.o(.text)
    __aeabi_dadd                             0x00004f2f   Thumb Code   322  dadd.o(.text)
    __aeabi_dsub                             0x00005071   Thumb Code     6  dadd.o(.text)
    __aeabi_drsub                            0x00005077   Thumb Code     6  dadd.o(.text)
    __aeabi_dmul                             0x0000507d   Thumb Code   228  dmul.o(.text)
    __aeabi_ddiv                             0x00005161   Thumb Code   222  ddiv.o(.text)
    __aeabi_d2ulz                            0x0000523f   Thumb Code    48  dfixul.o(.text)
    __aeabi_cdrcmple                         0x00005271   Thumb Code    48  cdrcmple.o(.text)
    __scatterload                            0x000052a1   Thumb Code    28  init.o(.text)
    __scatterload_rt2                        0x000052a1   Thumb Code     0  init.o(.text)
    __aeabi_lasr                             0x000052c5   Thumb Code    36  llsshr.o(.text)
    _ll_sshift_r                             0x000052c5   Thumb Code     0  llsshr.o(.text)
    _double_round                            0x000052e9   Thumb Code    30  depilogue.o(.text)
    _double_epilogue                         0x00005307   Thumb Code   156  depilogue.o(.text)
    __0printf                                0x000053a5   Thumb Code    22  printfa.o(i.__0printf)
    __1printf                                0x000053a5   Thumb Code     0  printfa.o(i.__0printf)
    __2printf                                0x000053a5   Thumb Code     0  printfa.o(i.__0printf)
    __c89printf                              0x000053a5   Thumb Code     0  printfa.o(i.__0printf)
    printf                                   0x000053a5   Thumb Code     0  printfa.o(i.__0printf)
    __scatterload_copy                       0x000053c5   Thumb Code    14  handlers.o(i.__scatterload_copy)
    __scatterload_null                       0x000053d3   Thumb Code     2  handlers.o(i.__scatterload_null)
    __scatterload_zeroinit                   0x000053d5   Thumb Code    14  handlers.o(i.__scatterload_zeroinit)
    UART_Driver                              0x00005c98   Data           8  isp_driver.o(.constdata)
    CAN_Driver                               0x00005ca0   Data           8  isp_driver.o(.constdata)
    SPI_Driver                               0x00005ca8   Data           8  isp_driver.o(.constdata)
    I2C_Driver                               0x00005cb0   Data           8  isp_driver.o(.constdata)
    RS485_Driver                             0x00005cb8   Data           8  isp_driver.o(.constdata)
    Region$$Table$$Base                      0x00005d58   Number         0  anon$$obj.o(Region$$Table)
    Region$$Table$$Limit                     0x00005d78   Number         0  anon$$obj.o(Region$$Table)
    SystemCoreClock                          0x20000000   Data           4  system_m480.o(.data)
    CyclesPerUs                              0x20000004   Data           4  system_m480.o(.data)
    PllClock                                 0x20000008   Data           4  system_m480.o(.data)
    gau32ClkSrcTbl                           0x2000000c   Data          32  system_m480.o(.data)
    DevTab                                   0x2000002c   Data          60  isp_driver.o(.data)
    g_packno                                 0x20000068   Data           4  isp_cmd.o(.data)
    gcksum                                   0x2000006c   Data           2  isp_cmd.o(.data)
    AP_file_totallen                         0x20000070   Data           4  isp_cmd.o(.data)
    AP_file_checksum                         0x20000074   Data           4  isp_cmd.o(.data)
    DEV_handle                               0x20000078   Data           4  main_offline.o(.data)
    g_au32TMRINTCount                        0x2000007c   Data           4  main_offline.o(.data)
    fwversion                                0x20000080   Data           4  main_offline.o(.data)
    flash_boot                               0x20000084   Data           4  main_offline.o(.data)
    devid                                    0x20000088   Data           4  main_offline.o(.data)
    config                                   0x2000008c   Data           8  main_offline.o(.data)
    __stdout                                 0x200000a0   Data           4  retarget.o(.data)
    rcvbuf                                   0x200000a4   Data          64  isp_cmd.o(.bss)
    sendbuf                                  0x200000e4   Data          64  isp_cmd.o(.bss)
    file_buffer                              0x20000124   Data         512  isp_cmd.o(.bss)
    ISP_COMMAND                              0x20000324   Data          40  isp_cmd.o(.bss)
    __initial_sp                             0x20000b60   Data           0  startup_m480.o(STACK)



==============================================================================

Memory Map of the image

  Image Entry point : 0x00000315

  Load Region LR_1 (Base: 0x00000000, Size: 0x00005e1c, Max: 0xffffffff, ABSOLUTE)

    Execution Region ER_RO (Exec base: 0x00000000, Load base: 0x00000000, Size: 0x00005d78, Max: 0xffffffff, ABSOLUTE)

    Exec Addr    Load Addr    Size         Type   Attr      Idx    E Section Name        Object

    0x00000000   0x00000000   0x000001b8   Data   RO          302    RESET               startup_m480.o
    0x000001b8   0x000001b8   0x00000000   Code   RO         1234  * .ARM.Collect$$$$00000000  mc_w.l(entry.o)
    0x000001b8   0x000001b8   0x00000004   Code   RO         1545    .ARM.Collect$$$$00000001  mc_w.l(entry2.o)
    0x000001bc   0x000001bc   0x00000004   Code   RO         1548    .ARM.Collect$$$$00000004  mc_w.l(entry5.o)
    0x000001c0   0x000001c0   0x00000000   Code   RO         1550    .ARM.Collect$$$$00000008  mc_w.l(entry7b.o)
    0x000001c0   0x000001c0   0x00000000   Code   RO         1552    .ARM.Collect$$$$0000000A  mc_w.l(entry8b.o)
    0x000001c0   0x000001c0   0x00000008   Code   RO         1553    .ARM.Collect$$$$0000000B  mc_w.l(entry9a.o)
    0x000001c8   0x000001c8   0x00000000   Code   RO         1555    .ARM.Collect$$$$0000000D  mc_w.l(entry10a.o)
    0x000001c8   0x000001c8   0x00000000   Code   RO         1557    .ARM.Collect$$$$0000000F  mc_w.l(entry11a.o)
    0x000001c8   0x000001c8   0x00000004   Code   RO         1546    .ARM.Collect$$$$00002712  mc_w.l(entry2.o)
    0x000001cc   0x000001cc   0x00000052   Code   RO         1509    .emb_text           NULIB.lib(retarget.o)
    0x0000021e   0x0000021e   0x00000002   PAD
    0x00000220   0x00000220   0x000000f4   Code   RO            4    .text               system_m480.o
    0x00000314   0x00000314   0x00000068   Code   RO          303  * .text               startup_m480.o
    0x0000037c   0x0000037c   0x00000160   Code   RO          310    .text               isp_uart_bus.o
    0x000004dc   0x000004dc   0x00000158   Code   RO          522    .text               isp_driver.o
    0x00000634   0x00000634   0x000001b8   Code   RO          545    .text               spi_flash_spim.o
    0x000007ec   0x000007ec   0x00000168   Code   RO          585    .text               isp_can_bus.o
    0x00000954   0x00000954   0x00000168   Code   RO          615    .text               isp_spi_bus.o
    0x00000abc   0x00000abc   0x000001d8   Code   RO          639    .text               isp_i2c_bus.o
    0x00000c94   0x00000c94   0x0000015c   Code   RO          663    .text               isp_rs485_bus.o
    0x00000df0   0x00000df0   0x0000067c   Code   RO          687    .text               isp_cmd.o
    0x0000146c   0x0000146c   0x0000032c   Code   RO          719    .text               main_offline.o
    0x00001798   0x00001798   0x0000066c   Code   RO          766    .text               NULIB.lib(clk.o)
    0x00001e04   0x00001e04   0x00000424   Code   RO         1055    .text               NULIB.lib(uart.o)
    0x00002228   0x00002228   0x000001c4   Code   RO         1087    .text               NULIB.lib(timer.o)
    0x000023ec   0x000023ec   0x000000c4   Code   RO         1112    .text               NULIB.lib(gpio.o)
    0x000024b0   0x000024b0   0x00000ce4   Code   RO         1136    .text               NULIB.lib(spim.o)
    0x00003194   0x00003194   0x00000878   Code   RO         1162    .text               NULIB.lib(can.o)
    0x00003a0c   0x00003a0c   0x00000894   Code   RO         1189    .text               NULIB.lib(i2c.o)
    0x000042a0   0x000042a0   0x000009f2   Code   RO         1213    .text               NULIB.lib(spi.o)
    0x00004c92   0x00004c92   0x00000062   Code   RO         1235    .text               mc_w.l(uldiv.o)
    0x00004cf4   0x00004cf4   0x00000024   Code   RO         1237    .text               mc_w.l(memcpya.o)
    0x00004d18   0x00004d18   0x00000024   Code   RO         1239    .text               mc_w.l(memseta.o)
    0x00004d3c   0x00004d3c   0x00000026   Code   RO         1504    .text               mf_w.l(f2d.o)
    0x00004d62   0x00004d62   0x00000002   PAD
    0x00004d64   0x00004d64   0x00000160   Code   RO         1510    .text               NULIB.lib(retarget.o)
    0x00004ec4   0x00004ec4   0x0000002c   Code   RO         1559    .text               mc_w.l(uidiv.o)
    0x00004ef0   0x00004ef0   0x0000001e   Code   RO         1561    .text               mc_w.l(llshl.o)
    0x00004f0e   0x00004f0e   0x00000020   Code   RO         1563    .text               mc_w.l(llushr.o)
    0x00004f2e   0x00004f2e   0x00000000   Code   RO         1565    .text               mc_w.l(iusefp.o)
    0x00004f2e   0x00004f2e   0x0000014e   Code   RO         1566    .text               mf_w.l(dadd.o)
    0x0000507c   0x0000507c   0x000000e4   Code   RO         1568    .text               mf_w.l(dmul.o)
    0x00005160   0x00005160   0x000000de   Code   RO         1570    .text               mf_w.l(ddiv.o)
    0x0000523e   0x0000523e   0x00000030   Code   RO         1572    .text               mf_w.l(dfixul.o)
    0x0000526e   0x0000526e   0x00000002   PAD
    0x00005270   0x00005270   0x00000030   Code   RO         1574    .text               mf_w.l(cdrcmple.o)
    0x000052a0   0x000052a0   0x00000024   Code   RO         1576    .text               mc_w.l(init.o)
    0x000052c4   0x000052c4   0x00000024   Code   RO         1578    .text               mc_w.l(llsshr.o)
    0x000052e8   0x000052e8   0x000000ba   Code   RO         1580    .text               mf_w.l(depilogue.o)
    0x000053a2   0x000053a2   0x00000002   PAD
    0x000053a4   0x000053a4   0x00000020   Code   RO         1476    i.__0printf         mc_w.l(printfa.o)
    0x000053c4   0x000053c4   0x0000000e   Code   RO         1584    i.__scatterload_copy  mc_w.l(handlers.o)
    0x000053d2   0x000053d2   0x00000002   Code   RO         1585    i.__scatterload_null  mc_w.l(handlers.o)
    0x000053d4   0x000053d4   0x0000000e   Code   RO         1586    i.__scatterload_zeroinit  mc_w.l(handlers.o)
    0x000053e2   0x000053e2   0x00000002   PAD
    0x000053e4   0x000053e4   0x00000184   Code   RO         1483    i._fp_digits        mc_w.l(printfa.o)
    0x00005568   0x00005568   0x000006dc   Code   RO         1484    i._printf_core      mc_w.l(printfa.o)
    0x00005c44   0x00005c44   0x00000024   Code   RO         1485    i._printf_post_padding  mc_w.l(printfa.o)
    0x00005c68   0x00005c68   0x0000002e   Code   RO         1486    i._printf_pre_padding  mc_w.l(printfa.o)
    0x00005c96   0x00005c96   0x00000002   PAD
    0x00005c98   0x00005c98   0x00000028   Data   RO          523    .constdata          isp_driver.o
    0x00005cc0   0x00005cc0   0x00000020   Data   RO          767    .constdata          NULIB.lib(clk.o)
    0x00005ce0   0x00005ce0   0x00000030   Data   RO         1056    .constdata          NULIB.lib(uart.o)
    0x00005d10   0x00005d10   0x00000020   Data   RO         1088    .constdata          NULIB.lib(timer.o)
    0x00005d30   0x00005d30   0x00000026   Data   RO          524    .conststring        isp_driver.o
    0x00005d56   0x00005d56   0x00000002   PAD
    0x00005d58   0x00005d58   0x00000020   Data   RO         1582    Region$$Table       anon$$obj.o


    Execution Region ER_RW (Exec base: 0x20000000, Load base: 0x00005d78, Size: 0x000000a4, Max: 0xffffffff, ABSOLUTE)

    Exec Addr    Load Addr    Size         Type   Attr      Idx    E Section Name        Object

    0x20000000   0x00005d78   0x0000002c   Data   RW            5    .data               system_m480.o
    0x2000002c   0x00005da4   0x0000003c   Data   RW          525    .data               isp_driver.o
    0x20000068   0x00005de0   0x00000010   Data   RW          689    .data               isp_cmd.o
    0x20000078   0x00005df0   0x0000001c   Data   RW          720    .data               main_offline.o
    0x20000094   0x00005e0c   0x00000005   Data   RW         1137    .data               NULIB.lib(spim.o)
    0x20000099   0x00005e11   0x00000004   Data   RW         1163    .data               NULIB.lib(can.o)
    0x2000009d   0x00005e15   0x00000001   Data   RW         1512    .data               NULIB.lib(retarget.o)
    0x2000009e   0x00005e16   0x00000002   PAD
    0x200000a0   0x00005e18   0x00000004   Data   RW         1513    .data               NULIB.lib(retarget.o)


    Execution Region ER_ZI (Exec base: 0x200000a4, Load base: 0x00005e1c, Size: 0x00000abc, Max: 0xffffffff, ABSOLUTE)

    Exec Addr    Load Addr    Size         Type   Attr      Idx    E Section Name        Object

    0x200000a4        -       0x000002a8   Zero   RW          688    .bss                isp_cmd.o
    0x2000034c        -       0x00000010   Zero   RW         1511    .bss                NULIB.lib(retarget.o)
    0x2000035c   0x00005e1c   0x00000004   PAD
    0x20000360        -       0x00000800   Zero   RW          300    STACK               startup_m480.o


==============================================================================

Image component sizes


      Code (inc. data)   RO Data    RW Data    ZI Data      Debug   Object Name

       360         20          0          0          0       2632   isp_can_bus.o
      1660        154          0         16        680       9751   isp_cmd.o
       344          4         78         60          0       4254   isp_driver.o
       472         12          0          0          0       1988   isp_i2c_bus.o
       348         26          0          0          0       2989   isp_rs485_bus.o
       360         16          0          0          0       2532   isp_spi_bus.o
       352         20          0          0          0      38661   isp_uart_bus.o
       812        288          0         28          0     109711   main_offline.o
       440        190          0          0          0      75850   spi_flash_spim.o
       104         20        440          0       2048        980   startup_m480.o
       244         38          0         44          0       6433   system_m480.o

    ----------------------------------------------------------------------
      5496        788        552        148       2728     255781   Object Totals
         0          0         32          0          0          0   (incl. Generated)
         0          0          2          0          0          0   (incl. Padding)

    ----------------------------------------------------------------------

      Code (inc. data)   RO Data    RW Data    ZI Data      Debug   Library Member Name

      2168         54          0          4          0      12939   can.o
      1644         88         32          0          0      76957   clk.o
       196          0          0          0          0       2234   gpio.o
      2196         56          0          0          0      14040   i2c.o
       434        136          0          5         16       4910   retarget.o
      2546         38          0          0          0       8947   spi.o
      3300         56          0          5          0      13687   spim.o
       452         38         32          0          0       4361   timer.o
      1060         42         48          0          0       5996   uart.o
         0          0          0          0          0          0   entry.o
         0          0          0          0          0          0   entry10a.o
         0          0          0          0          0          0   entry11a.o
         8          4          0          0          0          0   entry2.o
         4          0          0          0          0          0   entry5.o
         0          0          0          0          0          0   entry7b.o
         0          0          0          0          0          0   entry8b.o
         8          4          0          0          0          0   entry9a.o
        30          0          0          0          0          0   handlers.o
        36          8          0          0          0         68   init.o
         0          0          0          0          0          0   iusefp.o
        30          0          0          0          0         68   llshl.o
        36          0          0          0          0         68   llsshr.o
        32          0          0          0          0         68   llushr.o
        36          0          0          0          0         68   memcpya.o
        36          0          0          0          0        108   memseta.o
      2258         90          0          0          0        452   printfa.o
        44          0          0          0          0         80   uidiv.o
        98          0          0          0          0         92   uldiv.o
        48          0          0          0          0         68   cdrcmple.o
       334          0          0          0          0        148   dadd.o
       222          0          0          0          0        100   ddiv.o
       186          0          0          0          0        176   depilogue.o
        48          0          0          0          0         68   dfixul.o
       228          0          0          0          0         96   dmul.o
        38          0          0          0          0         68   f2d.o

    ----------------------------------------------------------------------
     17768        614        112         16         20     145867   Library Totals
        12          0          0          2          4          0   (incl. Padding)

    ----------------------------------------------------------------------

      Code (inc. data)   RO Data    RW Data    ZI Data      Debug   Library Name

     13996        508        112         14         16     144071   NULIB.lib
      2656        106          0          0          0       1072   mc_w.l
      1104          0          0          0          0        724   mf_w.l

    ----------------------------------------------------------------------
     17768        614        112         16         20     145867   Library Totals

    ----------------------------------------------------------------------

==============================================================================


      Code (inc. data)   RO Data    RW Data    ZI Data      Debug   

     23264       1402        664        164       2748     395868   Grand Totals
     23264       1402        664        164       2748     395868   ELF Image Totals
     23264       1402        664        164          0          0   ROM Totals

==============================================================================

    Total RO  Size (Code + RO Data)                23928 (  23.37kB)
    Total RW  Size (RW Data + ZI Data)              2912 (   2.84kB)
    Total ROM Size (Code + RO Data + RW Data)      24092 (  23.53kB)

==============================================================================

