<html>
<body>
<pre>
<h1>µVision Build Log</h1>
<h2>Tool Versions:</h2>
IDE-Version: ¦ÌVision V5.26.2.0
Copyright (C) 2018 ARM Ltd and ARM Germany GmbH. All rights reserved.
License Information: j j, j, LIC=NQQMM-XBASH-X7CRZ-JW748-Z6PJP-ILQZI
 
Tool Versions:
Toolchain:       MDK-ARM Plus  Version: 5.26.2.0
Toolchain Path:  C:\Keil_v5\ARM\ARMCC\Bin
C Compiler:      Armcc.exe V5.06 update 6 (build 750)
Assembler:       Armasm.exe V5.06 update 6 (build 750)
Linker/Locator:  ArmLink.exe V5.06 update 6 (build 750)
Library Manager: ArmAr.exe V5.06 update 6 (build 750)
Hex Converter:   FromElf.exe V5.06 update 6 (build 750)
CPU DLL:         SARMCM3.DLL V5.26.2.0
Dialog DLL:      DARMCM1.DLL V1.19.1.0
Target DLL:      Nu_Link.dll V2.05
Dialog DLL:      TARMCM1.DLL V1.14.0.0
 
<h2>Project:</h2>
C:\Users\jcliu\Desktop\M487 ISP BRIDGE 20190102\M480_USB_CONNECT\SampleCode\StdDriver\HSUSBD_HID_Transfer\KEIL\M487_OFFLINE.uvproj
Project File Date:  01/02/2019

<h2>Output:</h2>
*** Using Compiler 'V5.06 update 6 (build 750)', folder: 'C:\Keil_v5\ARM\ARMCC\Bin'
Rebuild target 'M487_ISPBRIDGE'
creating preprocessor file for system_M480.c...
assembling startup_M480.s...
creating preprocessor file for ISP_UART_BUS.c...
creating preprocessor file for ISP_DRIVER.C...
compiling ISP_DRIVER.C...
creating preprocessor file for SPI_FLASH_SPIM.C...
compiling system_M480.c...
creating preprocessor file for ISP_CAN_BUS.C...
compiling ISP_UART_BUS.c...
creating preprocessor file for ISP_SPI_BUS.c...
compiling SPI_FLASH_SPIM.C...
..\SPI_FLASH_SPIM.C(15): warning:  #177-D: variable "offset"  was declared but never referenced
  	uint32_t     offset,i;
..\SPI_FLASH_SPIM.C(15): warning:  #177-D: variable "i"  was declared but never referenced
  	uint32_t     offset,i;
..\SPI_FLASH_SPIM.C(16): warning:  #177-D: variable "pData"  was declared but never referenced
  	uint32_t    *pData;
..\SPI_FLASH_SPIM.C: 3 warnings, 0 errors
creating preprocessor file for ISP_I2C_BUS.C...
compiling ISP_CAN_BUS.C...
creating preprocessor file for ISP_RS485_BUS.c...
compiling ISP_SPI_BUS.c...
creating preprocessor file for ISP_CMD.c...
compiling ISP_I2C_BUS.C...
creating preprocessor file for main_offline.c...
compiling ISP_RS485_BUS.c...
compiling ISP_CMD.c...
..\ISP_CMD.c(294): warning:  #177-D: variable "get_cksum"  was declared but never referenced
  	unsigned short get_cksum;
..\ISP_CMD.c: 1 warning, 0 errors
compiling main_offline.c...
linking...
Program Size: Code=23264 RO-data=664 RW-data=164 ZI-data=2748  
After Build - User command #1: fromelf --bin ".\obj\M487_ISPBRIDGE.axf" --output ".\obj\M487_ISPBRIDGE.bin"
After Build - User command #2: fromelf --text -c ".\obj\M487_ISPBRIDGE.axf" --output ".\obj\M487_ISPBRIDGE.txt"
".\obj\M487_ISPBRIDGE.axf" - 0 Error(s), 4 Warning(s).
Build Time Elapsed:  00:00:29
</pre>
</body>
</html>
